Archive member included to satisfy reference by file (symbol)

/Applications/ArmGNUToolchain/13.2.Rel1/arm-none-eabi/bin/../lib/gcc/arm-none-eabi/13.2.1/thumb/v6-m/nofp/libgcc.a(_dvmd_tls.o)
                              CMakeFiles/soloPlaneBar.dir/Users/rpoleynick/pico/pico-sdk/src/rp2_common/pico_divider/divider.S.obj (__aeabi_idiv0)
/Applications/ArmGNUToolchain/13.2.Rel1/arm-none-eabi/bin/../lib/gcc/arm-none-eabi/13.2.1/../../../../arm-none-eabi/lib/thumb/v6-m/nofp/libg.a(libc_a-calloc.o)
                              CMakeFiles/soloPlaneBar.dir/Users/rpoleynick/pico/pico-sdk/src/rp2_common/pico_malloc/pico_malloc.c.obj (calloc)
/Applications/ArmGNUToolchain/13.2.Rel1/arm-none-eabi/bin/../lib/gcc/arm-none-eabi/13.2.1/../../../../arm-none-eabi/lib/thumb/v6-m/nofp/libg.a(libc_a-callocr.o)
                              /Applications/ArmGNUToolchain/13.2.Rel1/arm-none-eabi/bin/../lib/gcc/arm-none-eabi/13.2.1/../../../../arm-none-eabi/lib/thumb/v6-m/nofp/libg.a(libc_a-calloc.o) (_calloc_r)
/Applications/ArmGNUToolchain/13.2.Rel1/arm-none-eabi/bin/../lib/gcc/arm-none-eabi/13.2.1/../../../../arm-none-eabi/lib/thumb/v6-m/nofp/libg.a(libc_a-malloc.o)
                              CMakeFiles/soloPlaneBar.dir/Users/rpoleynick/pico/pico-sdk/src/rp2_common/pico_malloc/pico_malloc.c.obj (malloc)
/Applications/ArmGNUToolchain/13.2.Rel1/arm-none-eabi/bin/../lib/gcc/arm-none-eabi/13.2.1/../../../../arm-none-eabi/lib/thumb/v6-m/nofp/libg.a(libc_a-mallocr.o)
                              /Applications/ArmGNUToolchain/13.2.Rel1/arm-none-eabi/bin/../lib/gcc/arm-none-eabi/13.2.1/../../../../arm-none-eabi/lib/thumb/v6-m/nofp/libg.a(libc_a-callocr.o) (_malloc_r)
/Applications/ArmGNUToolchain/13.2.Rel1/arm-none-eabi/bin/../lib/gcc/arm-none-eabi/13.2.1/../../../../arm-none-eabi/lib/thumb/v6-m/nofp/libg.a(libc_a-mlock.o)
                              /Applications/ArmGNUToolchain/13.2.Rel1/arm-none-eabi/bin/../lib/gcc/arm-none-eabi/13.2.1/../../../../arm-none-eabi/lib/thumb/v6-m/nofp/libg.a(libc_a-mallocr.o) (__malloc_lock)
/Applications/ArmGNUToolchain/13.2.Rel1/arm-none-eabi/bin/../lib/gcc/arm-none-eabi/13.2.1/../../../../arm-none-eabi/lib/thumb/v6-m/nofp/libg.a(libc_a-realloc.o)
                              CMakeFiles/soloPlaneBar.dir/Users/rpoleynick/pico/pico-sdk/src/rp2_common/pico_malloc/pico_malloc.c.obj (realloc)
/Applications/ArmGNUToolchain/13.2.Rel1/arm-none-eabi/bin/../lib/gcc/arm-none-eabi/13.2.1/../../../../arm-none-eabi/lib/thumb/v6-m/nofp/libg.a(libc_a-reallocr.o)
                              /Applications/ArmGNUToolchain/13.2.Rel1/arm-none-eabi/bin/../lib/gcc/arm-none-eabi/13.2.1/../../../../arm-none-eabi/lib/thumb/v6-m/nofp/libg.a(libc_a-realloc.o) (_realloc_r)
/Applications/ArmGNUToolchain/13.2.Rel1/arm-none-eabi/bin/../lib/gcc/arm-none-eabi/13.2.1/../../../../arm-none-eabi/lib/thumb/v6-m/nofp/libg.a(libc_a-memmove.o)
                              /Applications/ArmGNUToolchain/13.2.Rel1/arm-none-eabi/bin/../lib/gcc/arm-none-eabi/13.2.1/../../../../arm-none-eabi/lib/thumb/v6-m/nofp/libg.a(libc_a-reallocr.o) (memmove)
/Applications/ArmGNUToolchain/13.2.Rel1/arm-none-eabi/bin/../lib/gcc/arm-none-eabi/13.2.1/../../../../arm-none-eabi/lib/thumb/v6-m/nofp/libg.a(libc_a-impure.o)
                              /Applications/ArmGNUToolchain/13.2.Rel1/arm-none-eabi/bin/../lib/gcc/arm-none-eabi/13.2.1/../../../../arm-none-eabi/lib/thumb/v6-m/nofp/libg.a(libc_a-calloc.o) (_impure_ptr)
/Applications/ArmGNUToolchain/13.2.Rel1/arm-none-eabi/bin/../lib/gcc/arm-none-eabi/13.2.1/../../../../arm-none-eabi/lib/thumb/v6-m/nofp/libg.a(libc_a-sbrkr.o)
                              /Applications/ArmGNUToolchain/13.2.Rel1/arm-none-eabi/bin/../lib/gcc/arm-none-eabi/13.2.1/../../../../arm-none-eabi/lib/thumb/v6-m/nofp/libg.a(libc_a-mallocr.o) (_sbrk_r)
/Applications/ArmGNUToolchain/13.2.Rel1/arm-none-eabi/bin/../lib/gcc/arm-none-eabi/13.2.1/../../../../arm-none-eabi/lib/thumb/v6-m/nofp/libg.a(libc_a-errno.o)
                              /Applications/ArmGNUToolchain/13.2.Rel1/arm-none-eabi/bin/../lib/gcc/arm-none-eabi/13.2.1/../../../../arm-none-eabi/lib/thumb/v6-m/nofp/libg.a(libc_a-callocr.o) (__errno)
/Applications/ArmGNUToolchain/13.2.Rel1/arm-none-eabi/bin/../lib/gcc/arm-none-eabi/13.2.1/../../../../arm-none-eabi/lib/thumb/v6-m/nofp/libg.a(libc_a-sysconf.o)
                              /Applications/ArmGNUToolchain/13.2.Rel1/arm-none-eabi/bin/../lib/gcc/arm-none-eabi/13.2.1/../../../../arm-none-eabi/lib/thumb/v6-m/nofp/libg.a(libc_a-mallocr.o) (sysconf)
/Applications/ArmGNUToolchain/13.2.Rel1/arm-none-eabi/bin/../lib/gcc/arm-none-eabi/13.2.1/../../../../arm-none-eabi/lib/thumb/v6-m/nofp/libg.a(libc_a-init.o)
                              /Applications/ArmGNUToolchain/13.2.Rel1/arm-none-eabi/bin/../lib/gcc/arm-none-eabi/13.2.1/../../../../arm-none-eabi/lib/thumb/v6-m/nofp/crt0.o (__libc_init_array)
[...]
Memory Configuration

Name             Origin             Length             Attributes
FLASH            0x10000000         0x00200000         xr
RAM              0x20000000         0x00040000         xrw
SCRATCH_X        0x20040000         0x00001000         xrw
SCRATCH_Y        0x20041000         0x00001000         xrw
*default*        0x00000000         0xffffffff

Linker script and memory map

LOAD /Applications/ArmGNUToolchain/13.2.Rel1/arm-none-eabi/bin/../lib/gcc/arm-none-eabi/13.2.1/thumb/v6-m/nofp/crti.o
LOAD /Applications/ArmGNUToolchain/13.2.Rel1/arm-none-eabi/bin/../lib/gcc/arm-none-eabi/13.2.1/thumb/v6-m/nofp/crtbegin.o
LOAD /Applications/ArmGNUToolchain/13.2.Rel1/arm-none-eabi/bin/../lib/gcc/arm-none-eabi/13.2.1/../../../../arm-none-eabi/lib/thumb/v6-m/nofp/crt0.o

.flash_begin    0x10000000        0x0
                0x10000000                        __flash_binary_start = .

.boot2          0x10000000      0x100
                0x10000000                        __boot2_start__ = .
 *(.boot2)
 .boot2         0x10000000      0x100 /var/folders/8j/h2ql745135g6dtr6301fxqzc0000gn/T//cc3xzkWI.o
                0x10000100                        __boot2_end__ = .
                0x00000001                        ASSERT (((__boot2_end__ - __boot2_start__) == 0x100), ERROR: Pico second stage bootloader must be 256 bytes in size)

.text           0x10000100     0x7cd0
                0x10000100                        __logical_binary_start = .
 *(.vectors)
 .vectors       0x10000100       0xd4 CMakeFiles/soloPlaneBar.dir/Users/rpoleynick/pico/pico-sdk/src/rp2_common/pico_standard_link/crt0.S.obj
                0x10000100                __VECTOR_TABLE
                0x10000100                __vectors
                0x100001c0                __default_isrs_start
                0x100001c0                isr_invalid
                0x100001c2                isr_nmi
                0x100001c4                isr_hardfault
                0x100001c6                isr_svcall
                0x100001c8                isr_pendsv
                0x100001ca                isr_systick
                0x100001cc                isr_irq28
                0x100001cc                isr_irq19
                0x100001cc                isr_irq0
                0x100001cc                isr_irq6
                0x100001cc                isr_irq22
                0x100001cc                isr_irq17
                0x100001cc                isr_irq14
                0x100001cc                isr_irq2
                0x100001cc                isr_irq10
                0x100001cc                isr_irq8
                0x100001cc                isr_irq24
                0x100001cc                isr_irq1
                0x100001cc                isr_irq7
                0x100001cc                isr_irq21
                0x100001cc                isr_irq20
                0x100001cc                isr_irq15
                0x100001cc                isr_irq25
                0x100001cc                isr_irq4
                0x100001cc                isr_irq16
                0x100001cc                isr_irq29
                0x100001cc                isr_irq26
                0x100001cc                __default_isrs_end
                0x100001cc                isr_irq3
                0x100001cc                isr_irq9
                0x100001cc                __unhandled_user_irq
                0x100001cc                isr_irq13
                0x100001cc                isr_irq27
                0x100001cc                isr_irq31
                0x100001cc                isr_irq5
                0x100001cc                isr_irq11
                0x100001cc                isr_irq23
                0x100001cc                isr_irq18
                0x100001cc                isr_irq30
                0x100001cc                isr_irq12
                0x100001d2                unhandled_user_irq_num_in_r0
 *(.binary_info_header)
 .binary_info_header
                0x100001d4       0x14 CMakeFiles/soloPlaneBar.dir/Users/rpoleynick/pico/pico-sdk/src/rp2_common/pico_standard_link/crt0.S.obj
                0x100001e8                        __binary_info_header_end = .
 *(.reset)
 .reset         0x100001e8       0xa0 CMakeFiles/soloPlaneBar.dir/Users/rpoleynick/pico/pico-sdk/src/rp2_common/pico_standard_link/crt0.S.obj
                0x100001e8                _entry_point
 .reset         0x10000288       0x30 CMakeFiles/soloPlaneBar.dir/Users/rpoleynick/pico/pico-sdk/src/rp2_common/pico_standard_link/binary_info.c.obj
 *(.init)
 .init          0x100002b8        0x4 /Applications/ArmGNUToolchain/13.2.Rel1/arm-none-eabi/bin/../lib/gcc/arm-none-eabi/13.2.1/thumb/v6-m/nofp/crti.o
                0x100002b8                _init
 *(EXCLUDE_FILE(*libm.a: *libc.a:*lib_a-mem*.o *libgcc.a:) .text*)
 .text.register_tm_clones
                0x100002bc       0x28 /Applications/ArmGNUToolchain/13.2.Rel1/arm-none-eabi/bin/../lib/gcc/arm-none-eabi/13.2.1/thumb/v6-m/nofp/crtbegin.o
 .text.frame_dummy
                0x100002e4       0x24 /Applications/ArmGNUToolchain/13.2.Rel1/arm-none-eabi/bin/../lib/gcc/arm-none-eabi/13.2.1/thumb/v6-m/nofp/crtbegin.o
 .text.main1    0x10000308       0x78 CMakeFiles/soloPlaneBar.dir/soloPlaneBar.c.obj
                0x10000308                main1
 .text.main     0x10000380       0x5c CMakeFiles/soloPlaneBar.dir/soloPlaneBar.c.obj
                0x10000380                main
 .text.gpio_set_function
                0x100003dc       0x30 CMakeFiles/soloPlaneBar.dir/Users/rpoleynick/pico/pico-sdk/src/rp2_common/hardware_gpio/gpio.c.obj
                0x100003dc                gpio_set_function
 .text.gpio_set_pulls
                0x1000040c       0x34 CMakeFiles/soloPlaneBar.dir/Users/rpoleynick/pico/pico-sdk/src/rp2_common/hardware_gpio/gpio.c.obj
                0x1000040c                gpio_set_pulls
 .text.gpio_set_drive_strength
                0x10000440       0x20 CMakeFiles/soloPlaneBar.dir/Users/rpoleynick/pico/pico-sdk/src/rp2_common/hardware_gpio/gpio.c.obj
                0x10000440                gpio_set_drive_strength
 .text.gpio_set_input_enabled
                0x10000460       0x30 CMakeFiles/soloPlaneBar.dir/Users/rpoleynick/pico/pico-sdk/src/rp2_common/hardware_gpio/gpio.c.obj
                0x10000460                gpio_set_input_enabled
 .text.gpio_init
                0x10000490       0x16 CMakeFiles/soloPlaneBar.dir/Users/rpoleynick/pico/pico-sdk/src/rp2_common/hardware_gpio/gpio.c.obj
                0x10000490                gpio_init
 *fill*         0x100004a6        0x2 
 .text.running_on_fpga
                0x100004a8       0x14 CMakeFiles/soloPlaneBar.dir/Users/rpoleynick/pico/pico-sdk/src/rp2_common/pico_platform/platform.c.obj
                0x100004a8                running_on_fpga
 .text.hw_claim_lock
                0x100004bc       0x18 CMakeFiles/soloPlaneBar.dir/Users/rpoleynick/pico/pico-sdk/src/rp2_common/hardware_claim/claim.c.obj
                0x100004bc                hw_claim_lock
 .text.hw_claim_unlock
                0x100004d4       0x14 CMakeFiles/soloPlaneBar.dir/Users/rpoleynick/pico/pico-sdk/src/rp2_common/hardware_claim/claim.c.obj
                0x100004d4                hw_claim_unlock
 .text.hw_claim_or_assert
                0x100004e8       0x32 CMakeFiles/soloPlaneBar.dir/Users/rpoleynick/pico/pico-sdk/src/rp2_common/hardware_claim/claim.c.obj
                0x100004e8                hw_claim_or_assert
 .text.hw_claim_unused_from_range
                0x1000051a       0x50 CMakeFiles/soloPlaneBar.dir/Users/rpoleynick/pico/pico-sdk/src/rp2_common/hardware_claim/claim.c.obj
                0x1000051a                hw_claim_unused_from_range
 *fill*         0x1000056a        0x2 
 .text.spin_locks_reset
                0x1000056c       0x20 CMakeFiles/soloPlaneBar.dir/Users/rpoleynick/pico/pico-sdk/src/rp2_common/hardware_sync/sync.c.obj
                0x1000056c                spin_locks_reset
 .text.next_striped_spin_lock_num
                0x1000058c       0x1c CMakeFiles/soloPlaneBar.dir/Users/rpoleynick/pico/pico-sdk/src/rp2_common/hardware_sync/sync.c.obj
                0x1000058c                next_striped_spin_lock_num
 .text.spin_lock_claim_unused
                0x100005a8       0x24 CMakeFiles/soloPlaneBar.dir/Users/rpoleynick/pico/pico-sdk/src/rp2_common/hardware_sync/sync.c.obj
                0x100005a8                spin_lock_claim_unused
 .text.set_raw_irq_handler_and_unlock
                0x100005cc       0x28 CMakeFiles/soloPlaneBar.dir/Users/rpoleynick/pico/pico-sdk/src/rp2_common/hardware_irq/irq.c.obj
 .text.resolve_branch
                0x100005f4       0x30 CMakeFiles/soloPlaneBar.dir/Users/rpoleynick/pico/pico-sdk/src/rp2_common/hardware_irq/irq.c.obj
 .text.make_branch
                0x10000624       0x48 CMakeFiles/soloPlaneBar.dir/Users/rpoleynick/pico/pico-sdk/src/rp2_common/hardware_irq/irq.c.obj
 .text.insert_branch_and_link
                0x1000066c       0x40 CMakeFiles/soloPlaneBar.dir/Users/rpoleynick/pico/pico-sdk/src/rp2_common/hardware_irq/irq.c.obj
 .text.irq_is_enabled
                0x100006ac       0x18 CMakeFiles/soloPlaneBar.dir/Users/rpoleynick/pico/pico-sdk/src/rp2_common/hardware_irq/irq.c.obj
                0x100006ac                irq_is_enabled
 .text.irq_set_mask_enabled
                0x100006c4       0x20 CMakeFiles/soloPlaneBar.dir/Users/rpoleynick/pico/pico-sdk/src/rp2_common/hardware_irq/irq.c.obj
                0x100006c4                irq_set_mask_enabled
 .text.irq_set_enabled
                0x100006e4        0xe CMakeFiles/soloPlaneBar.dir/Users/rpoleynick/pico/pico-sdk/src/rp2_common/hardware_irq/irq.c.obj
                0x100006e4                irq_set_enabled
 *fill*         0x100006f2        0x2 
 .text.irq_set_pending
                0x100006f4       0x10 CMakeFiles/soloPlaneBar.dir/Users/rpoleynick/pico/pico-sdk/src/rp2_common/hardware_irq/irq.c.obj
                0x100006f4                irq_set_pending
 .text.irq_get_vtable_handler
                0x10000704       0x10 CMakeFiles/soloPlaneBar.dir/Users/rpoleynick/pico/pico-sdk/src/rp2_common/hardware_irq/irq.c.obj
                0x10000704                irq_get_vtable_handler
 .text.irq_has_shared_handler
                0x10000714       0x24 CMakeFiles/soloPlaneBar.dir/Users/rpoleynick/pico/pico-sdk/src/rp2_common/hardware_irq/irq.c.obj
                0x10000714                irq_has_shared_handler
 .text.irq_set_exclusive_handler
                0x10000738       0x54 CMakeFiles/soloPlaneBar.dir/Users/rpoleynick/pico/pico-sdk/src/rp2_common/hardware_irq/irq.c.obj
                0x10000738                irq_set_exclusive_handler
 .text.irq_add_shared_handler
                0x1000078c      0x210 CMakeFiles/soloPlaneBar.dir/Users/rpoleynick/pico/pico-sdk/src/rp2_common/hardware_irq/irq.c.obj
                0x1000078c                irq_add_shared_handler
 .text.irq_remove_handler
                0x1000099c      0x188 CMakeFiles/soloPlaneBar.dir/Users/rpoleynick/pico/pico-sdk/src/rp2_common/hardware_irq/irq.c.obj
                0x1000099c                irq_remove_handler
 .text.irq_add_tail_to_free_list
                0x10000b24       0xf0 CMakeFiles/soloPlaneBar.dir/Users/rpoleynick/pico/pico-sdk/src/rp2_common/hardware_irq/irq.c.obj
                0x10000b24                irq_add_tail_to_free_list
 .text.irq_init_priorities
                0x10000c14       0x1c CMakeFiles/soloPlaneBar.dir/Users/rpoleynick/pico/pico-sdk/src/rp2_common/hardware_irq/irq.c.obj
                0x10000c14                irq_init_priorities
 .text.user_irq_claim_unused
                0x10000c30       0x2c CMakeFiles/soloPlaneBar.dir/Users/rpoleynick/pico/pico-sdk/src/rp2_common/hardware_irq/irq.c.obj
                0x10000c30                user_irq_claim_unused
 .text.lock_init
                0x10000c5c       0x10 CMakeFiles/soloPlaneBar.dir/Users/rpoleynick/pico/pico-sdk/src/common/pico_sync/lock_core.c.obj
                0x10000c5c                lock_init
 .text.update_us_since_boot
                0x10000c6c       0x24 CMakeFiles/soloPlaneBar.dir/Users/rpoleynick/pico/pico-sdk/src/common/pico_sync/mutex.c.obj
 .text.delayed_by_ms
                0x10000c90       0x44 CMakeFiles/soloPlaneBar.dir/Users/rpoleynick/pico/pico-sdk/src/common/pico_sync/mutex.c.obj
 .text.get_absolute_time
                0x10000cd4       0x22 CMakeFiles/soloPlaneBar.dir/Users/rpoleynick/pico/pico-sdk/src/common/pico_sync/mutex.c.obj
 .text.make_timeout_time_ms
                0x10000cf6       0x20 CMakeFiles/soloPlaneBar.dir/Users/rpoleynick/pico/pico-sdk/src/common/pico_sync/mutex.c.obj
 .text.mutex_init
                0x10000d16       0x1a CMakeFiles/soloPlaneBar.dir/Users/rpoleynick/pico/pico-sdk/src/common/pico_sync/mutex.c.obj
                0x10000d16                mutex_init
 .text.recursive_mutex_init
                0x10000d30       0x1e CMakeFiles/soloPlaneBar.dir/Users/rpoleynick/pico/pico-sdk/src/common/pico_sync/mutex.c.obj
                0x10000d30                recursive_mutex_init
 *fill*         0x10000d4e        0x2 
 .text.critical_section_init_with_lock_num
                0x10000d50       0x14 CMakeFiles/soloPlaneBar.dir/Users/rpoleynick/pico/pico-sdk/src/common/pico_sync/critical_section.c.obj
                0x10000d50                critical_section_init_with_lock_num
 .text.critical_section_init
                0x10000d64       0x14 CMakeFiles/soloPlaneBar.dir/Users/rpoleynick/pico/pico-sdk/src/common/pico_sync/critical_section.c.obj
                0x10000d64                critical_section_init
 .text.time_reached
                0x10000d78       0x28 CMakeFiles/soloPlaneBar.dir/Users/rpoleynick/pico/pico-sdk/src/common/pico_time/time.c.obj
 .text.get_entry
                0x10000da0       0x38 CMakeFiles/soloPlaneBar.dir/Users/rpoleynick/pico/pico-sdk/src/common/pico_time/time.c.obj
 .text.timer_pool_entry_comparator
                0x10000dd8       0x2e CMakeFiles/soloPlaneBar.dir/Users/rpoleynick/pico/pico-sdk/src/common/pico_time/time.c.obj
                0x10000dd8                timer_pool_entry_comparator
 *fill*         0x10000e06        0x2 
 .text.update_us_since_boot
                0x10000e08       0x24 CMakeFiles/soloPlaneBar.dir/Users/rpoleynick/pico/pico-sdk/src/common/pico_time/time.c.obj
 .text.delayed_by_us
                0x10000e2c       0x34 CMakeFiles/soloPlaneBar.dir/Users/rpoleynick/pico/pico-sdk/src/common/pico_time/time.c.obj
 .text.ph_get_node
                0x10000e60       0x30 CMakeFiles/soloPlaneBar.dir/Users/rpoleynick/pico/pico-sdk/src/common/pico_time/time.c.obj
 .text.ph_contains_node
                0x10000e90       0x1e CMakeFiles/soloPlaneBar.dir/Users/rpoleynick/pico/pico-sdk/src/common/pico_time/time.c.obj
 .text.ph_new_node
                0x10000eae       0x28 CMakeFiles/soloPlaneBar.dir/Users/rpoleynick/pico/pico-sdk/src/common/pico_time/time.c.obj
 *fill*         0x10000ed6        0x2 
 .text.ph_add_child_node
                0x10000ed8       0x6c CMakeFiles/soloPlaneBar.dir/Users/rpoleynick/pico/pico-sdk/src/common/pico_time/time.c.obj
 .text.ph_merge_nodes
                0x10000f44       0x3e CMakeFiles/soloPlaneBar.dir/Users/rpoleynick/pico/pico-sdk/src/common/pico_time/time.c.obj
 *fill*         0x10000f82        0x2 
 .text.ph_insert_node
                0x10000f84       0x3c CMakeFiles/soloPlaneBar.dir/Users/rpoleynick/pico/pico-sdk/src/common/pico_time/time.c.obj
 .text.ph_free_node
                0x10000fc0       0x5c CMakeFiles/soloPlaneBar.dir/Users/rpoleynick/pico/pico-sdk/src/common/pico_time/time.c.obj
 .text.get_entry_id_high
                0x1000101c       0x30 CMakeFiles/soloPlaneBar.dir/Users/rpoleynick/pico/pico-sdk/src/common/pico_time/time.c.obj
 .text.alarm_pool_post_alloc_init
                0x1000104c       0x40 CMakeFiles/soloPlaneBar.dir/Users/rpoleynick/pico/pico-sdk/src/common/pico_time/time.c.obj
 .text.sleep_until_callback
                0x1000108c       0x30 CMakeFiles/soloPlaneBar.dir/Users/rpoleynick/pico/pico-sdk/src/common/pico_time/time.c.obj
 .text.get_absolute_time
                0x100010bc       0x22 CMakeFiles/soloPlaneBar.dir/Users/rpoleynick/pico/pico-sdk/src/common/pico_time/time.c.obj
 .text.make_timeout_time_us
                0x100010de       0x24 CMakeFiles/soloPlaneBar.dir/Users/rpoleynick/pico/pico-sdk/src/common/pico_time/time.c.obj
 *fill*         0x10001102        0x2 
 .text.add_alarm_under_lock
                0x10001104       0x94 CMakeFiles/soloPlaneBar.dir/Users/rpoleynick/pico/pico-sdk/src/common/pico_time/time.c.obj
 .text.alarm_pool_alarm_callback
                0x10001198      0x210 CMakeFiles/soloPlaneBar.dir/Users/rpoleynick/pico/pico-sdk/src/common/pico_time/time.c.obj
 .text.alarm_pool_init_default
                0x100013a8       0x40 CMakeFiles/soloPlaneBar.dir/Users/rpoleynick/pico/pico-sdk/src/common/pico_time/time.c.obj
                0x100013a8                alarm_pool_init_default
 .text.alarm_pool_get_default
                0x100013e8       0x2c CMakeFiles/soloPlaneBar.dir/Users/rpoleynick/pico/pico-sdk/src/common/pico_time/time.c.obj
                0x100013e8                alarm_pool_get_default
 .text.alarm_pool_add_alarm_at
                0x10001414      0x10e CMakeFiles/soloPlaneBar.dir/Users/rpoleynick/pico/pico-sdk/src/common/pico_time/time.c.obj
                0x10001414                alarm_pool_add_alarm_at
 .text.add_alarm_at
                0x10001522       0x2e CMakeFiles/soloPlaneBar.dir/Users/rpoleynick/pico/pico-sdk/src/common/pico_time/time.c.obj
 .text.alarm_pool_cancel_alarm
                0x10001550       0xa8 CMakeFiles/soloPlaneBar.dir/Users/rpoleynick/pico/pico-sdk/src/common/pico_time/time.c.obj
                0x10001550                alarm_pool_cancel_alarm
 .text.cancel_alarm
                0x100015f8       0x10 CMakeFiles/soloPlaneBar.dir/Users/rpoleynick/pico/pico-sdk/src/common/pico_time/time.c.obj
 .text.alarm_pool_core_num
                0x10001608        0x4 CMakeFiles/soloPlaneBar.dir/Users/rpoleynick/pico/pico-sdk/src/common/pico_time/time.c.obj
                0x10001608                alarm_pool_core_num
 .text.sleep_until
                0x1000160c       0xb0 CMakeFiles/soloPlaneBar.dir/Users/rpoleynick/pico/pico-sdk/src/common/pico_time/time.c.obj
                0x1000160c                sleep_until
 .text.sleep_us
                0x100016bc       0x1a CMakeFiles/soloPlaneBar.dir/Users/rpoleynick/pico/pico-sdk/src/common/pico_time/time.c.obj
                0x100016bc                sleep_us
 .text.sleep_ms
                0x100016d6       0x14 CMakeFiles/soloPlaneBar.dir/Users/rpoleynick/pico/pico-sdk/src/common/pico_time/time.c.obj
                0x100016d6                sleep_ms
 *fill*         0x100016ea        0x2 
 .text.best_effort_wfe_or_timeout
                0x100016ec       0x44 CMakeFiles/soloPlaneBar.dir/Users/rpoleynick/pico/pico-sdk/src/common/pico_time/time.c.obj
                0x100016ec                best_effort_wfe_or_timeout
 .text.hardware_alarm_irq_handler
                0x10001730       0x8c CMakeFiles/soloPlaneBar.dir/Users/rpoleynick/pico/pico-sdk/src/rp2_common/hardware_timer/timer.c.obj
 .text.hardware_alarm_claim
                0x100017bc       0x18 CMakeFiles/soloPlaneBar.dir/Users/rpoleynick/pico/pico-sdk/src/rp2_common/hardware_timer/timer.c.obj
                0x100017bc                hardware_alarm_claim
 .text.time_us_64
                0x100017d4       0x18 CMakeFiles/soloPlaneBar.dir/Users/rpoleynick/pico/pico-sdk/src/rp2_common/hardware_timer/timer.c.obj
                0x100017d4                time_us_64
 .text.busy_wait_until
                0x100017ec       0x28 CMakeFiles/soloPlaneBar.dir/Users/rpoleynick/pico/pico-sdk/src/rp2_common/hardware_timer/timer.c.obj
                0x100017ec                busy_wait_until
 .text.hardware_alarm_set_callback
                0x10001814       0x90 CMakeFiles/soloPlaneBar.dir/Users/rpoleynick/pico/pico-sdk/src/rp2_common/hardware_timer/timer.c.obj
                0x10001814                hardware_alarm_set_callback
 .text.hardware_alarm_set_target
                0x100018a4       0xe8 CMakeFiles/soloPlaneBar.dir/Users/rpoleynick/pico/pico-sdk/src/rp2_common/hardware_timer/timer.c.obj
                0x100018a4                hardware_alarm_set_target
 .text.hardware_alarm_cancel
                0x1000198c       0x40 CMakeFiles/soloPlaneBar.dir/Users/rpoleynick/pico/pico-sdk/src/rp2_common/hardware_timer/timer.c.obj
                0x1000198c                hardware_alarm_cancel
 .text.ph_get_node
                0x100019cc       0x30 CMakeFiles/soloPlaneBar.dir/Users/rpoleynick/pico/pico-sdk/src/common/pico_util/pheap.c.obj
 .text.ph_add_child_node
                0x100019fc       0x6c CMakeFiles/soloPlaneBar.dir/Users/rpoleynick/pico/pico-sdk/src/common/pico_util/pheap.c.obj
 .text.ph_merge_nodes
                0x10001a68       0x3e CMakeFiles/soloPlaneBar.dir/Users/rpoleynick/pico/pico-sdk/src/common/pico_util/pheap.c.obj
 .text.ph_clear
                0x10001aa6       0x34 CMakeFiles/soloPlaneBar.dir/Users/rpoleynick/pico/pico-sdk/src/common/pico_util/pheap.c.obj
                0x10001aa6                ph_clear
 .text.ph_post_alloc_init
                0x10001ada        0xe CMakeFiles/soloPlaneBar.dir/Users/rpoleynick/pico/pico-sdk/src/common/pico_util/pheap.c.obj
                0x10001ada                ph_post_alloc_init
 .text.ph_merge_two_pass
                0x10001ae8       0x5c CMakeFiles/soloPlaneBar.dir/Users/rpoleynick/pico/pico-sdk/src/common/pico_util/pheap.c.obj
                0x10001ae8                ph_merge_two_pass
 .text.ph_remove_any_head
                0x10001b44       0xc0 CMakeFiles/soloPlaneBar.dir/Users/rpoleynick/pico/pico-sdk/src/common/pico_util/pheap.c.obj
 .text.ph_remove_head
                0x10001c04       0x14 CMakeFiles/soloPlaneBar.dir/Users/rpoleynick/pico/pico-sdk/src/common/pico_util/pheap.c.obj
                0x10001c04                ph_remove_head
 .text.ph_remove_and_free_node
                0x10001c18       0xa0 CMakeFiles/soloPlaneBar.dir/Users/rpoleynick/pico/pico-sdk/src/common/pico_util/pheap.c.obj
                0x10001c18                ph_remove_and_free_node
 .text.element_ptr
                0x10001cb8       0x2c CMakeFiles/soloPlaneBar.dir/Users/rpoleynick/pico/pico-sdk/src/common/pico_util/queue.c.obj
 .text.queue_add_internal
                0x10001ce4       0x88 CMakeFiles/soloPlaneBar.dir/Users/rpoleynick/pico/pico-sdk/src/common/pico_util/queue.c.obj
 .text.queue_remove_internal
                0x10001d6c       0x88 CMakeFiles/soloPlaneBar.dir/Users/rpoleynick/pico/pico-sdk/src/common/pico_util/queue.c.obj
 .text.queue_init_with_spinlock
                0x10001df4       0x24 CMakeFiles/soloPlaneBar.dir/Users/rpoleynick/pico/pico-sdk/src/common/pico_util/queue.c.obj
                0x10001df4                queue_init_with_spinlock
 .text.queue_try_add
                0x10001e18        0xa CMakeFiles/soloPlaneBar.dir/Users/rpoleynick/pico/pico-sdk/src/common/pico_util/queue.c.obj
                0x10001e18                queue_try_add
 .text.queue_try_remove
                0x10001e22        0xa CMakeFiles/soloPlaneBar.dir/Users/rpoleynick/pico/pico-sdk/src/common/pico_util/queue.c.obj
                0x10001e22                queue_try_remove
 .text.clock_configure
                0x10001e2c      0x108 CMakeFiles/soloPlaneBar.dir/Users/rpoleynick/pico/pico-sdk/src/rp2_common/hardware_clocks/clocks.c.obj
                0x10001e2c                clock_configure
 .text.clocks_init
                0x10001f34      0x100 CMakeFiles/soloPlaneBar.dir/Users/rpoleynick/pico/pico-sdk/src/rp2_common/hardware_clocks/clocks.c.obj
                0x10001f34                clocks_init
 .text.clock_get_hz
                0x10002034        0xc CMakeFiles/soloPlaneBar.dir/Users/rpoleynick/pico/pico-sdk/src/rp2_common/hardware_clocks/clocks.c.obj
                0x10002034                clock_get_hz
 .text.pll_init
                0x10002040      0x120 CMakeFiles/soloPlaneBar.dir/Users/rpoleynick/pico/pico-sdk/src/rp2_common/hardware_pll/pll.c.obj
                0x10002040                pll_init
 .text.watchdog_start_tick
                0x10002160       0x10 CMakeFiles/soloPlaneBar.dir/Users/rpoleynick/pico/pico-sdk/src/rp2_common/hardware_watchdog/watchdog.c.obj
                0x10002160                watchdog_start_tick
 .text.watchdog_update
                0x10002170       0x14 CMakeFiles/soloPlaneBar.dir/Users/rpoleynick/pico/pico-sdk/src/rp2_common/hardware_watchdog/watchdog.c.obj
                0x10002170                watchdog_update
 .text._watchdog_enable
                0x10002184       0x78 CMakeFiles/soloPlaneBar.dir/Users/rpoleynick/pico/pico-sdk/src/rp2_common/hardware_watchdog/watchdog.c.obj
                0x10002184                _watchdog_enable
 .text.watchdog_reboot
                0x100021fc       0x48 CMakeFiles/soloPlaneBar.dir/Users/rpoleynick/pico/pico-sdk/src/rp2_common/hardware_watchdog/watchdog.c.obj
                0x100021fc                watchdog_reboot
 .text.xosc_init
                0x10002244       0x2c CMakeFiles/soloPlaneBar.dir/Users/rpoleynick/pico/pico-sdk/src/rp2_common/hardware_xosc/xosc.c.obj
                0x10002244                xosc_init
 .text._exit    0x10002270        0x4 CMakeFiles/soloPlaneBar.dir/Users/rpoleynick/pico/pico-sdk/src/rp2_common/pico_runtime/runtime.c.obj
                0x10002270                _exit
 .text._sbrk    0x10002274       0x38 CMakeFiles/soloPlaneBar.dir/Users/rpoleynick/pico/pico-sdk/src/rp2_common/pico_runtime/runtime.c.obj
                0x10002274                _sbrk
 .text.exit     0x100022ac        0x6 CMakeFiles/soloPlaneBar.dir/Users/rpoleynick/pico/pico-sdk/src/rp2_common/pico_runtime/runtime.c.obj
                0x100022ac                exit
 *fill*         0x100022b2        0x2 
 .text.__assert_func
                0x100022b4       0x38 CMakeFiles/soloPlaneBar.dir/Users/rpoleynick/pico/pico-sdk/src/rp2_common/pico_runtime/runtime.c.obj
                0x100022b4                __assert_func
 .text.runtime_init
                0x100022ec       0xf8 CMakeFiles/soloPlaneBar.dir/Users/rpoleynick/pico/pico-sdk/src/rp2_common/pico_runtime/runtime.c.obj
                0x100022ec                runtime_init
 .text.panic    0x100023e4       0x30 CMakeFiles/soloPlaneBar.dir/Users/rpoleynick/pico/pico-sdk/src/rp2_common/pico_runtime/runtime.c.obj
                0x100023e4                panic
 .text._out_null
                0x10002414        0x2 CMakeFiles/soloPlaneBar.dir/Users/rpoleynick/pico/pico-sdk/src/rp2_common/pico_printf/printf.c.obj
 .text._out_fct
                0x10002416        0xe CMakeFiles/soloPlaneBar.dir/Users/rpoleynick/pico/pico-sdk/src/rp2_common/pico_printf/printf.c.obj
 .text._atoi    0x10002424       0x24 CMakeFiles/soloPlaneBar.dir/Users/rpoleynick/pico/pico-sdk/src/rp2_common/pico_printf/printf.c.obj
 .text._out_rev
                0x10002448       0xae CMakeFiles/soloPlaneBar.dir/Users/rpoleynick/pico/pico-sdk/src/rp2_common/pico_printf/printf.c.obj
 .text._ntoa_format
                0x100024f6      0x110 CMakeFiles/soloPlaneBar.dir/Users/rpoleynick/pico/pico-sdk/src/rp2_common/pico_printf/printf.c.obj
 .text._ntoa_long
                0x10002606       0xbc CMakeFiles/soloPlaneBar.dir/Users/rpoleynick/pico/pico-sdk/src/rp2_common/pico_printf/printf.c.obj
 .text._ntoa_long_long
                0x100026c2      0x10e CMakeFiles/soloPlaneBar.dir/Users/rpoleynick/pico/pico-sdk/src/rp2_common/pico_printf/printf.c.obj
 .text._etoa    0x100027d0      0x420 CMakeFiles/soloPlaneBar.dir/Users/rpoleynick/pico/pico-sdk/src/rp2_common/pico_printf/printf.c.obj
 .text._ftoa    0x10002bf0      0x354 CMakeFiles/soloPlaneBar.dir/Users/rpoleynick/pico/pico-sdk/src/rp2_common/pico_printf/printf.c.obj
 .text._vsnprintf
                0x10002f44      0x668 CMakeFiles/soloPlaneBar.dir/Users/rpoleynick/pico/pico-sdk/src/rp2_common/pico_printf/printf.c.obj
 .text.vfctprintf
                0x100035ac       0x20 CMakeFiles/soloPlaneBar.dir/Users/rpoleynick/pico/pico-sdk/src/rp2_common/pico_printf/printf.c.obj
                0x100035ac                vfctprintf
 .text          0x100035cc       0x10 CMakeFiles/soloPlaneBar.dir/Users/rpoleynick/pico/pico-sdk/src/rp2_common/pico_bit_ops/bit_ops_aeabi.S.obj
 .text.rom_func_lookup
                0x100035dc       0x10 CMakeFiles/soloPlaneBar.dir/Users/rpoleynick/pico/pico-sdk/src/rp2_common/pico_bootrom/bootrom.c.obj
                0x100035dc                rom_func_lookup
 .text.rom_data_lookup
                0x100035ec       0x10 CMakeFiles/soloPlaneBar.dir/Users/rpoleynick/pico/pico-sdk/src/rp2_common/pico_bootrom/bootrom.c.obj
                0x100035ec                rom_data_lookup
 .text.rom_funcs_lookup
                0x100035fc       0x36 CMakeFiles/soloPlaneBar.dir/Users/rpoleynick/pico/pico-sdk/src/rp2_common/pico_bootrom/bootrom.c.obj
                0x100035fc                rom_funcs_lookup
 *fill*         0x10003632        0x2 
 .text.__wrap___aeabi_idiv
                0x10003634       0x50 CMakeFiles/soloPlaneBar.dir/Users/rpoleynick/pico/pico-sdk/src/rp2_common/pico_divider/divider.S.obj
                0x10003634                __wrap___aeabi_idivmod
                0x10003634                divmod_s32s32
                0x10003634                div_s32s32
                0x10003634                __wrap___aeabi_idiv
                0x1000363c                divmod_s32s32_unsafe
                0x10003668                divmod_s32s32_savestate
 .text.__wrap___aeabi_uidiv
                0x10003684       0x4c CMakeFiles/soloPlaneBar.dir/Users/rpoleynick/pico/pico-sdk/src/rp2_common/pico_divider/divider.S.obj
                0x10003684                __wrap___aeabi_uidiv
                0x10003684                __wrap___aeabi_uidivmod
                0x10003684                div_u32u32
                0x10003684                divmod_u32u32
                0x1000368c                divmod_u32u32_unsafe
                0x100036b4                divmod_u32u32_savestate
 .text.__wrap___aeabi_ldiv
                0x100036d0      0x424 CMakeFiles/soloPlaneBar.dir/Users/rpoleynick/pico/pico-sdk/src/rp2_common/pico_divider/divider.S.obj
                0x100036d0                __wrap___aeabi_ldivmod
                0x100036d0                div_s64s64
                0x100036d0                divmod_s64s64
                0x10003700                divmod_u64u64
                0x10003700                div_u64u64
                0x10003700                __wrap___aeabi_uldivmod
                0x10003710                divmod_u64u64_savestate
                0x10003730                divmod_s64s64_unsafe
                0x100037b8                divmod_u64u64_unsafe
 .text.__wrap___aeabi_darithmetic
                0x10003af4       0x60 CMakeFiles/soloPlaneBar.dir/Users/rpoleynick/pico/pico-sdk/src/rp2_common/pico_double/double_aeabi.S.obj
                0x10003af4                __wrap___aeabi_drsub
                0x10003afa                __wrap___aeabi_dsub
                0x10003b04                __wrap___aeabi_dadd
                0x10003b0e                __wrap___aeabi_ddiv
                0x10003b42                __wrap___aeabi_dmul
 .text.__wrap___aeabi_cdcmple
                0x10003b54       0x6c CMakeFiles/soloPlaneBar.dir/Users/rpoleynick/pico/pico-sdk/src/rp2_common/pico_double/double_aeabi.S.obj
                0x10003b54                __wrap___aeabi_cdrcmple
                0x10003b64                __wrap___aeabi_cdcmple
                0x10003b64                __wrap___aeabi_cdcmpeq
 .text.__wrap___aeabi_dcmplt
                0x10003bc0        0xc CMakeFiles/soloPlaneBar.dir/Users/rpoleynick/pico/pico-sdk/src/rp2_common/pico_double/double_aeabi.S.obj
                0x10003bc0                __wrap___aeabi_dcmplt
 .text.__wrap___aeabi_dcmple
                0x10003bcc       0x10 CMakeFiles/soloPlaneBar.dir/Users/rpoleynick/pico/pico-sdk/src/rp2_common/pico_double/double_aeabi.S.obj
                0x10003bcc                __wrap___aeabi_dcmple
 .text.__wrap___aeabi_dcmpge
                0x10003bdc       0x10 CMakeFiles/soloPlaneBar.dir/Users/rpoleynick/pico/pico-sdk/src/rp2_common/pico_double/double_aeabi.S.obj
                0x10003bdc                __wrap___aeabi_dcmpge
 .text.__wrap___aeabi_dcmpgt
                0x10003bec        0xa CMakeFiles/soloPlaneBar.dir/Users/rpoleynick/pico/pico-sdk/src/rp2_common/pico_double/double_aeabi.S.obj
                0x10003bec                __wrap___aeabi_dcmpgt
 .text.__wrap___aeabi_dcmpun
                0x10003bf6       0x1c CMakeFiles/soloPlaneBar.dir/Users/rpoleynick/pico/pico-sdk/src/rp2_common/pico_double/double_aeabi.S.obj
                0x10003bf6                __wrap___aeabi_dcmpun
 *fill*         0x10003c12        0x2 
 .text.__wrap___aeabi_i2d
                0x10003c14       0x38 CMakeFiles/soloPlaneBar.dir/Users/rpoleynick/pico/pico-sdk/src/rp2_common/pico_double/double_aeabi.S.obj
                0x10003c14                __wrap___aeabi_ui2d
                0x10003c1c                __wrap___aeabi_i2d
 .text.__wrap___aeabi_d2iz
                0x10003c4c       0x48 CMakeFiles/soloPlaneBar.dir/Users/rpoleynick/pico/pico-sdk/src/rp2_common/pico_double/double_aeabi.S.obj
                0x10003c4c                __wrap___aeabi_d2iz
                0x10003c4c                double2int_z
 .text.__wrap___aeabi_d2uiz
                0x10003c94       0x10 CMakeFiles/soloPlaneBar.dir/Users/rpoleynick/pico/pico-sdk/src/rp2_common/pico_double/double_aeabi.S.obj
                0x10003c94                double2uint
                0x10003c94                __wrap___aeabi_d2uiz
 .text.missing_double_func_shim
                0x10003ca4        0xc CMakeFiles/soloPlaneBar.dir/Users/rpoleynick/pico/pico-sdk/src/rp2_common/pico_double/double_init_rom.c.obj
 .text.__aeabi_double_init
                0x10003cb0       0xd0 CMakeFiles/soloPlaneBar.dir/Users/rpoleynick/pico/pico-sdk/src/rp2_common/pico_double/double_init_rom.c.obj
                0x10003cb0                __aeabi_double_init
 .text.double_table_shim_on_use_helper
                0x10003d80       0x34 CMakeFiles/soloPlaneBar.dir/Users/rpoleynick/pico/pico-sdk/src/rp2_common/pico_double/double_v1_rom_shim.S.obj
                0x10003d80                double_table_shim_on_use_helper
 .text.__aeabi_lmul
                0x10003db4       0x32 CMakeFiles/soloPlaneBar.dir/Users/rpoleynick/pico/pico-sdk/src/rp2_common/pico_int64_ops/pico_int64_ops_aeabi.S.obj
                0x10003db4                __wrap___aeabi_lmul
 *fill*         0x10003de6        0x2 
 .text.__wrap___aeabi_farithmetic
                0x10003de8       0x48 CMakeFiles/soloPlaneBar.dir/Users/rpoleynick/pico/pico-sdk/src/rp2_common/pico_float/float_aeabi.S.obj
                0x10003de8                __wrap___aeabi_frsub
                0x10003dee                __wrap___aeabi_fsub
                0x10003df4                __wrap___aeabi_fadd
                0x10003dfa                __wrap___aeabi_fdiv
                0x10003e22                __wrap___aeabi_fmul
 .text.__wrap___aeabi_ui2f
                0x10003e30        0xa CMakeFiles/soloPlaneBar.dir/Users/rpoleynick/pico/pico-sdk/src/rp2_common/pico_float/float_aeabi.S.obj
                0x10003e30                __wrap___aeabi_ui2f
 *fill*         0x10003e3a        0x2 
 .text.__wrap___aeabi_i2f
                0x10003e3c       0x44 CMakeFiles/soloPlaneBar.dir/Users/rpoleynick/pico/pico-sdk/src/rp2_common/pico_float/float_aeabi.S.obj
                0x10003e3c                __wrap___aeabi_i2f
 .text.__wrap___aeabi_f2uiz
                0x10003e80        0xc CMakeFiles/soloPlaneBar.dir/Users/rpoleynick/pico/pico-sdk/src/rp2_common/pico_float/float_aeabi.S.obj
                0x10003e80                __wrap___aeabi_f2uiz
 .text.missing_float_func_shim
                0x10003e8c        0xc CMakeFiles/soloPlaneBar.dir/Users/rpoleynick/pico/pico-sdk/src/rp2_common/pico_float/float_init_rom.c.obj
 .text.__aeabi_float_init
                0x10003e98       0x88 CMakeFiles/soloPlaneBar.dir/Users/rpoleynick/pico/pico-sdk/src/rp2_common/pico_float/float_init_rom.c.obj
                0x10003e98                __aeabi_float_init
 .text.check_alloc
                0x10003f20       0x20 CMakeFiles/soloPlaneBar.dir/Users/rpoleynick/pico/pico-sdk/src/rp2_common/pico_malloc/pico_malloc.c.obj
 .text.__wrap_calloc
                0x10003f40       0x30 CMakeFiles/soloPlaneBar.dir/Users/rpoleynick/pico/pico-sdk/src/rp2_common/pico_malloc/pico_malloc.c.obj
                0x10003f40                __wrap_calloc
 .text          0x10003f70       0x10 CMakeFiles/soloPlaneBar.dir/Users/rpoleynick/pico/pico-sdk/src/rp2_common/pico_mem_ops/mem_ops_aeabi.S.obj
                0x10003f70                __aeabi_mem_init
 .text.memset   0x10003f80        0xc CMakeFiles/soloPlaneBar.dir/Users/rpoleynick/pico/pico-sdk/src/rp2_common/pico_mem_ops/mem_ops_aeabi.S.obj
                0x10003f80                __wrap_memset
 .text.memcpy   0x10003f8c        0xc CMakeFiles/soloPlaneBar.dir/Users/rpoleynick/pico/pico-sdk/src/rp2_common/pico_mem_ops/mem_ops_aeabi.S.obj
                0x10003f8c                __wrap___aeabi_memcpy
                0x10003f8c                __wrap_memcpy
 .text.stdio_out_chars_no_crlf
                0x10003f98        0xe CMakeFiles/soloPlaneBar.dir/Users/rpoleynick/pico/pico-sdk/src/rp2_common/pico_stdio/stdio.c.obj
 *fill*         0x10003fa6        0x2 
 .text.stdio_out_chars_crlf
                0x10003fa8       0x80 CMakeFiles/soloPlaneBar.dir/Users/rpoleynick/pico/pico-sdk/src/rp2_common/pico_stdio/stdio.c.obj
 .text.stdio_stack_buffer_flush
                0x10004028       0x44 CMakeFiles/soloPlaneBar.dir/Users/rpoleynick/pico/pico-sdk/src/rp2_common/pico_stdio/stdio.c.obj
 .text.stdio_buffered_printer
                0x1000406c       0x20 CMakeFiles/soloPlaneBar.dir/Users/rpoleynick/pico/pico-sdk/src/rp2_common/pico_stdio/stdio.c.obj
 .text.update_us_since_boot
                0x1000408c       0x24 CMakeFiles/soloPlaneBar.dir/Users/rpoleynick/pico/pico-sdk/src/rp2_common/pico_stdio/stdio.c.obj
 .text.get_absolute_time
                0x100040b0       0x22 CMakeFiles/soloPlaneBar.dir/Users/rpoleynick/pico/pico-sdk/src/rp2_common/pico_stdio/stdio.c.obj
 *fill*         0x100040d2        0x2 
 .text.delayed_by_ms
                0x100040d4       0x44 CMakeFiles/soloPlaneBar.dir/Users/rpoleynick/pico/pico-sdk/src/rp2_common/pico_stdio/stdio.c.obj
 .text.make_timeout_time_ms
                0x10004118       0x20 CMakeFiles/soloPlaneBar.dir/Users/rpoleynick/pico/pico-sdk/src/rp2_common/pico_stdio/stdio.c.obj
 .text.stdout_serialize_begin
                0x10004138       0x20 CMakeFiles/soloPlaneBar.dir/Users/rpoleynick/pico/pico-sdk/src/rp2_common/pico_stdio/stdio.c.obj
                0x10004138                stdout_serialize_begin
 .text.stdout_serialize_end
                0x10004158       0x10 CMakeFiles/soloPlaneBar.dir/Users/rpoleynick/pico/pico-sdk/src/rp2_common/pico_stdio/stdio.c.obj
                0x10004158                stdout_serialize_end
 .text.stdio_put_string
                0x10004168       0x98 CMakeFiles/soloPlaneBar.dir/Users/rpoleynick/pico/pico-sdk/src/rp2_common/pico_stdio/stdio.c.obj
 .text.stdio_set_driver_enabled
                0x10004200       0x2c CMakeFiles/soloPlaneBar.dir/Users/rpoleynick/pico/pico-sdk/src/rp2_common/pico_stdio/stdio.c.obj
                0x10004200                stdio_set_driver_enabled
 .text.stdio_flush
                0x1000422c       0x20 CMakeFiles/soloPlaneBar.dir/Users/rpoleynick/pico/pico-sdk/src/rp2_common/pico_stdio/stdio.c.obj
                0x1000422c                stdio_flush
 .text.__wrap_puts
                0x1000424c       0x1e CMakeFiles/soloPlaneBar.dir/Users/rpoleynick/pico/pico-sdk/src/rp2_common/pico_stdio/stdio.c.obj
                0x1000424c                __wrap_puts
 *fill*         0x1000426a        0x2 
 .text.__wrap_vprintf
                0x1000426c       0x40 CMakeFiles/soloPlaneBar.dir/Users/rpoleynick/pico/pico-sdk/src/rp2_common/pico_stdio/stdio.c.obj
                0x1000426c                __wrap_vprintf
 .text.__wrap_printf
                0x100042ac       0x18 CMakeFiles/soloPlaneBar.dir/Users/rpoleynick/pico/pico-sdk/src/rp2_common/pico_stdio/stdio.c.obj
                0x100042ac                __wrap_printf
 .text.stdio_init_all
                0x100042c4        0x8 CMakeFiles/soloPlaneBar.dir/Users/rpoleynick/pico/pico-sdk/src/rp2_common/pico_stdio/stdio.c.obj
                0x100042c4                stdio_init_all
 .text.resetd_init
                0x100042cc        0x2 CMakeFiles/soloPlaneBar.dir/Users/rpoleynick/pico/pico-sdk/src/rp2_common/pico_stdio_usb/reset_interface.c.obj
 *fill*         0x100042ce        0x2 
 .text.resetd_reset
                0x100042d0        0xc CMakeFiles/soloPlaneBar.dir/Users/rpoleynick/pico/pico-sdk/src/rp2_common/pico_stdio_usb/reset_interface.c.obj
 .text.resetd_open
                0x100042dc       0x34 CMakeFiles/soloPlaneBar.dir/Users/rpoleynick/pico/pico-sdk/src/rp2_common/pico_stdio_usb/reset_interface.c.obj
 .text.resetd_xfer_cb
                0x10004310        0x4 CMakeFiles/soloPlaneBar.dir/Users/rpoleynick/pico/pico-sdk/src/rp2_common/pico_stdio_usb/reset_interface.c.obj
 .text.reset_usb_boot
                0x10004314       0x18 CMakeFiles/soloPlaneBar.dir/Users/rpoleynick/pico/pico-sdk/src/rp2_common/pico_stdio_usb/reset_interface.c.obj
 .text.resetd_control_xfer_cb
                0x1000432c       0x5c CMakeFiles/soloPlaneBar.dir/Users/rpoleynick/pico/pico-sdk/src/rp2_common/pico_stdio_usb/reset_interface.c.obj
 .text.usbd_app_driver_get_cb
                0x10004388        0xc CMakeFiles/soloPlaneBar.dir/Users/rpoleynick/pico/pico-sdk/src/rp2_common/pico_stdio_usb/reset_interface.c.obj
                0x10004388                usbd_app_driver_get_cb
 .text.tud_cdc_line_coding_cb
                0x10004394       0x28 CMakeFiles/soloPlaneBar.dir/Users/rpoleynick/pico/pico-sdk/src/rp2_common/pico_stdio_usb/reset_interface.c.obj
                0x10004394                tud_cdc_line_coding_cb
 .text.stdio_usb_set_chars_available_callback
                0x100043bc       0x14 CMakeFiles/soloPlaneBar.dir/Users/rpoleynick/pico/pico-sdk/src/rp2_common/pico_stdio_usb/stdio_usb.c.obj
                0x100043bc                stdio_usb_set_chars_available_callback
 .text.update_us_since_boot
                0x100043d0       0x24 CMakeFiles/soloPlaneBar.dir/Users/rpoleynick/pico/pico-sdk/src/rp2_common/pico_stdio_usb/stdio_usb.c.obj
 .text.get_absolute_time
                0x100043f4       0x22 CMakeFiles/soloPlaneBar.dir/Users/rpoleynick/pico/pico-sdk/src/rp2_common/pico_stdio_usb/stdio_usb.c.obj
 *fill*         0x10004416        0x2 
 .text.delayed_by_ms
                0x10004418       0x44 CMakeFiles/soloPlaneBar.dir/Users/rpoleynick/pico/pico-sdk/src/rp2_common/pico_stdio_usb/stdio_usb.c.obj
 .text.make_timeout_time_ms
                0x1000445c       0x20 CMakeFiles/soloPlaneBar.dir/Users/rpoleynick/pico/pico-sdk/src/rp2_common/pico_stdio_usb/stdio_usb.c.obj
 .text.delayed_by_us
                0x1000447c       0x34 CMakeFiles/soloPlaneBar.dir/Users/rpoleynick/pico/pico-sdk/src/rp2_common/pico_stdio_usb/stdio_usb.c.obj
 .text.usb_irq  0x100044b0       0x10 CMakeFiles/soloPlaneBar.dir/Users/rpoleynick/pico/pico-sdk/src/rp2_common/pico_stdio_usb/stdio_usb.c.obj
 .text.critical_section_enter_blocking
                0x100044c0       0x16 CMakeFiles/soloPlaneBar.dir/Users/rpoleynick/pico/pico-sdk/src/rp2_common/pico_stdio_usb/stdio_usb.c.obj
 *fill*         0x100044d6        0x2 
 .text.timer_task
                0x100044d8       0x4c CMakeFiles/soloPlaneBar.dir/Users/rpoleynick/pico/pico-sdk/src/rp2_common/pico_stdio_usb/stdio_usb.c.obj
 .text.alarm_pool_add_alarm_in_us
                0x10004524       0x3a CMakeFiles/soloPlaneBar.dir/Users/rpoleynick/pico/pico-sdk/src/rp2_common/pico_stdio_usb/stdio_usb.c.obj
 .text.add_alarm_in_us
                0x1000455e       0x2e CMakeFiles/soloPlaneBar.dir/Users/rpoleynick/pico/pico-sdk/src/rp2_common/pico_stdio_usb/stdio_usb.c.obj
 .text.low_priority_worker_irq
                0x1000458c       0x7c CMakeFiles/soloPlaneBar.dir/Users/rpoleynick/pico/pico-sdk/src/rp2_common/pico_stdio_usb/stdio_usb.c.obj
 .text.tud_cdc_rx_cb
                0x10004608       0x20 CMakeFiles/soloPlaneBar.dir/Users/rpoleynick/pico/pico-sdk/src/rp2_common/pico_stdio_usb/stdio_usb.c.obj
                0x10004608                tud_cdc_rx_cb
 .text.stdio_usb_init
                0x10004628       0xd0 CMakeFiles/soloPlaneBar.dir/Users/rpoleynick/pico/pico-sdk/src/rp2_common/pico_stdio_usb/stdio_usb.c.obj
                0x10004628                stdio_usb_init
 .text.stdio_usb_connected
                0x100046f8        0xa CMakeFiles/soloPlaneBar.dir/Users/rpoleynick/pico/pico-sdk/src/rp2_common/pico_stdio_usb/stdio_usb.c.obj
                0x100046f8                stdio_usb_connected
 *fill*         0x10004702        0x2 
 .text.stdio_usb_in_chars
                0x10004704       0x88 CMakeFiles/soloPlaneBar.dir/Users/rpoleynick/pico/pico-sdk/src/rp2_common/pico_stdio_usb/stdio_usb.c.obj
                0x10004704                stdio_usb_in_chars
 .text.stdio_usb_out_chars
                0x1000478c       0xd8 CMakeFiles/soloPlaneBar.dir/Users/rpoleynick/pico/pico-sdk/src/rp2_common/pico_stdio_usb/stdio_usb.c.obj
 .text.tud_descriptor_device_cb
                0x10004864        0x8 CMakeFiles/soloPlaneBar.dir/Users/rpoleynick/pico/pico-sdk/src/rp2_common/pico_stdio_usb/stdio_usb_descriptors.c.obj
                0x10004864                tud_descriptor_device_cb
 .text.tud_descriptor_configuration_cb
                0x1000486c        0x8 CMakeFiles/soloPlaneBar.dir/Users/rpoleynick/pico/pico-sdk/src/rp2_common/pico_stdio_usb/stdio_usb_descriptors.c.obj
                0x1000486c                tud_descriptor_configuration_cb
 .text.tud_descriptor_string_cb
                0x10004874       0x6c CMakeFiles/soloPlaneBar.dir/Users/rpoleynick/pico/pico-sdk/src/rp2_common/pico_stdio_usb/stdio_usb_descriptors.c.obj
                0x10004874                tud_descriptor_string_cb
 .text._retrieve_unique_id_on_boot
                0x100048e0       0x10 CMakeFiles/soloPlaneBar.dir/Users/rpoleynick/pico/pico-sdk/src/rp2_common/pico_unique_id/unique_id.c.obj
 .text.pico_get_unique_board_id_string
                0x100048f0       0x5c CMakeFiles/soloPlaneBar.dir/Users/rpoleynick/pico/pico-sdk/src/rp2_common/pico_unique_id/unique_id.c.obj
                0x100048f0                pico_get_unique_board_id_string
 .text.flash_get_unique_id
                0x1000494c       0x40 CMakeFiles/soloPlaneBar.dir/Users/rpoleynick/pico/pico-sdk/src/rp2_common/hardware_flash/flash.c.obj
                0x1000494c                flash_get_unique_id
 .text.hw_endpoint_get_by_addr
                0x1000498c       0x18 CMakeFiles/soloPlaneBar.dir/Users/rpoleynick/pico/pico-sdk/lib/tinyusb/src/portable/raspberrypi/rp2040/dcd_rp2040.c.obj
 .text._hw_endpoint_alloc
                0x100049a4       0x70 CMakeFiles/soloPlaneBar.dir/Users/rpoleynick/pico/pico-sdk/lib/tinyusb/src/portable/raspberrypi/rp2040/dcd_rp2040.c.obj
 .text.hw_endpoint_init
                0x10004a14       0x88 CMakeFiles/soloPlaneBar.dir/Users/rpoleynick/pico/pico-sdk/lib/tinyusb/src/portable/raspberrypi/rp2040/dcd_rp2040.c.obj
 .text.dcd_event_sof
                0x10004a9c       0x2c CMakeFiles/soloPlaneBar.dir/Users/rpoleynick/pico/pico-sdk/lib/tinyusb/src/portable/raspberrypi/rp2040/dcd_rp2040.c.obj
 .text.hw_endpoint_xfer
                0x10004ac8       0x14 CMakeFiles/soloPlaneBar.dir/Users/rpoleynick/pico/pico-sdk/lib/tinyusb/src/portable/raspberrypi/rp2040/dcd_rp2040.c.obj
 .text.dcd_int_enable
                0x10004adc       0x2c CMakeFiles/soloPlaneBar.dir/Users/rpoleynick/pico/pico-sdk/lib/tinyusb/src/portable/raspberrypi/rp2040/dcd_rp2040.c.obj
                0x10004adc                dcd_int_enable
 .text.dcd_set_address
                0x10004b08       0x2c CMakeFiles/soloPlaneBar.dir/Users/rpoleynick/pico/pico-sdk/lib/tinyusb/src/portable/raspberrypi/rp2040/dcd_rp2040.c.obj
                0x10004b08                dcd_set_address
 .text.dcd_connect
                0x10004b34       0x10 CMakeFiles/soloPlaneBar.dir/Users/rpoleynick/pico/pico-sdk/lib/tinyusb/src/portable/raspberrypi/rp2040/dcd_rp2040.c.obj
                0x10004b34                dcd_connect
 .text.dcd_init
                0x10004b44       0x80 CMakeFiles/soloPlaneBar.dir/Users/rpoleynick/pico/pico-sdk/lib/tinyusb/src/portable/raspberrypi/rp2040/dcd_rp2040.c.obj
                0x10004b44                dcd_init
 .text.dcd_edpt0_status_complete
                0x10004bc4       0x1c CMakeFiles/soloPlaneBar.dir/Users/rpoleynick/pico/pico-sdk/lib/tinyusb/src/portable/raspberrypi/rp2040/dcd_rp2040.c.obj
                0x10004bc4                dcd_edpt0_status_complete
 .text.dcd_edpt_open
                0x10004be0       0x40 CMakeFiles/soloPlaneBar.dir/Users/rpoleynick/pico/pico-sdk/lib/tinyusb/src/portable/raspberrypi/rp2040/dcd_rp2040.c.obj
                0x10004be0                dcd_edpt_open
 .text.dcd_edpt_close_all
                0x10004c20        0x8 CMakeFiles/soloPlaneBar.dir/Users/rpoleynick/pico/pico-sdk/lib/tinyusb/src/portable/raspberrypi/rp2040/dcd_rp2040.c.obj
                0x10004c20                dcd_edpt_close_all
 .text.dcd_edpt_xfer
                0x10004c28       0x34 CMakeFiles/soloPlaneBar.dir/Users/rpoleynick/pico/pico-sdk/lib/tinyusb/src/portable/raspberrypi/rp2040/dcd_rp2040.c.obj
                0x10004c28                dcd_edpt_xfer
 .text.dcd_edpt_stall
                0x10004c5c       0x2c CMakeFiles/soloPlaneBar.dir/Users/rpoleynick/pico/pico-sdk/lib/tinyusb/src/portable/raspberrypi/rp2040/dcd_rp2040.c.obj
                0x10004c5c                dcd_edpt_stall
 .text.dcd_edpt_clear_stall
                0x10004c88       0x20 CMakeFiles/soloPlaneBar.dir/Users/rpoleynick/pico/pico-sdk/lib/tinyusb/src/portable/raspberrypi/rp2040/dcd_rp2040.c.obj
                0x10004c88                dcd_edpt_clear_stall
 .text.rp2040_usb_init
                0x10004ca8       0x4c CMakeFiles/soloPlaneBar.dir/Users/rpoleynick/pico/pico-sdk/lib/tinyusb/src/portable/raspberrypi/rp2040/rp2040_usb.c.obj
                0x10004ca8                rp2040_usb_init
 .text.hw_endpoint_xfer_start
                0x10004cf4       0x50 CMakeFiles/soloPlaneBar.dir/Users/rpoleynick/pico/pico-sdk/lib/tinyusb/src/portable/raspberrypi/rp2040/rp2040_usb.c.obj
                0x10004cf4                hw_endpoint_xfer_start
 .text.configuration_reset
                0x10004d44       0x84 CMakeFiles/soloPlaneBar.dir/Users/rpoleynick/pico/pico-sdk/lib/tinyusb/src/device/usbd.c.obj
 .text.critical_section_enter_blocking
                0x10004dc8       0x16 CMakeFiles/soloPlaneBar.dir/Users/rpoleynick/pico/pico-sdk/lib/tinyusb/src/device/usbd.c.obj
 .text.usbd_reset
                0x10004dde        0xc CMakeFiles/soloPlaneBar.dir/Users/rpoleynick/pico/pico-sdk/lib/tinyusb/src/device/usbd.c.obj
 .text.invoke_class_control
                0x10004dea       0x1a CMakeFiles/soloPlaneBar.dir/Users/rpoleynick/pico/pico-sdk/lib/tinyusb/src/device/usbd.c.obj
 .text.process_set_config
                0x10004e04      0x178 CMakeFiles/soloPlaneBar.dir/Users/rpoleynick/pico/pico-sdk/lib/tinyusb/src/device/usbd.c.obj
 .text.process_get_descriptor
                0x10004f7c       0xdc CMakeFiles/soloPlaneBar.dir/Users/rpoleynick/pico/pico-sdk/lib/tinyusb/src/device/usbd.c.obj
 .text.tud_mounted
                0x10005058       0x10 CMakeFiles/soloPlaneBar.dir/Users/rpoleynick/pico/pico-sdk/lib/tinyusb/src/device/usbd.c.obj
                0x10005058                tud_mounted
 .text.tud_suspended
                0x10005068       0x10 CMakeFiles/soloPlaneBar.dir/Users/rpoleynick/pico/pico-sdk/lib/tinyusb/src/device/usbd.c.obj
                0x10005068                tud_suspended
 .text.tud_inited
                0x10005078       0x14 CMakeFiles/soloPlaneBar.dir/Users/rpoleynick/pico/pico-sdk/lib/tinyusb/src/device/usbd.c.obj
                0x10005078                tud_inited
 .text.tud_init
                0x1000508c       0xcc CMakeFiles/soloPlaneBar.dir/Users/rpoleynick/pico/pico-sdk/lib/tinyusb/src/device/usbd.c.obj
                0x1000508c                tud_init
 .text.usbd_defer_func
                0x10005158       0x2a CMakeFiles/soloPlaneBar.dir/Users/rpoleynick/pico/pico-sdk/lib/tinyusb/src/device/usbd.c.obj
                0x10005158                usbd_defer_func
 *fill*         0x10005182        0x2 
 .text.usbd_edpt_open
                0x10005184       0x34 CMakeFiles/soloPlaneBar.dir/Users/rpoleynick/pico/pico-sdk/lib/tinyusb/src/device/usbd.c.obj
                0x10005184                usbd_edpt_open
 .text.usbd_open_edpt_pair
                0x100051b8       0x62 CMakeFiles/soloPlaneBar.dir/Users/rpoleynick/pico/pico-sdk/lib/tinyusb/src/device/usbd.c.obj
                0x100051b8                usbd_open_edpt_pair
 *fill*         0x1000521a        0x2 
 .text.usbd_edpt_claim
                0x1000521c       0x28 CMakeFiles/soloPlaneBar.dir/Users/rpoleynick/pico/pico-sdk/lib/tinyusb/src/device/usbd.c.obj
                0x1000521c                usbd_edpt_claim
 .text.usbd_edpt_release
                0x10005244       0x28 CMakeFiles/soloPlaneBar.dir/Users/rpoleynick/pico/pico-sdk/lib/tinyusb/src/device/usbd.c.obj
                0x10005244                usbd_edpt_release
 .text.usbd_edpt_xfer
                0x1000526c       0x78 CMakeFiles/soloPlaneBar.dir/Users/rpoleynick/pico/pico-sdk/lib/tinyusb/src/device/usbd.c.obj
                0x1000526c                usbd_edpt_xfer
 .text.usbd_edpt_stall
                0x100052e4       0x48 CMakeFiles/soloPlaneBar.dir/Users/rpoleynick/pico/pico-sdk/lib/tinyusb/src/device/usbd.c.obj
                0x100052e4                usbd_edpt_stall
 .text.usbd_edpt_clear_stall
                0x1000532c       0x48 CMakeFiles/soloPlaneBar.dir/Users/rpoleynick/pico/pico-sdk/lib/tinyusb/src/device/usbd.c.obj
                0x1000532c                usbd_edpt_clear_stall
 .text.usbd_edpt_stalled
                0x10005374       0x1c CMakeFiles/soloPlaneBar.dir/Users/rpoleynick/pico/pico-sdk/lib/tinyusb/src/device/usbd.c.obj
                0x10005374                usbd_edpt_stalled
 .text.process_control_request
                0x10005390      0x374 CMakeFiles/soloPlaneBar.dir/Users/rpoleynick/pico/pico-sdk/lib/tinyusb/src/device/usbd.c.obj
 .text.tud_task_ext
                0x10005704      0x1a8 CMakeFiles/soloPlaneBar.dir/Users/rpoleynick/pico/pico-sdk/lib/tinyusb/src/device/usbd.c.obj
                0x10005704                tud_task_ext
 .text._status_stage_xact
                0x100058ac       0x1a CMakeFiles/soloPlaneBar.dir/Users/rpoleynick/pico/pico-sdk/lib/tinyusb/src/device/usbd_control.c.obj
 *fill*         0x100058c6        0x2 
 .text._data_stage_xact
                0x100058c8       0x58 CMakeFiles/soloPlaneBar.dir/Users/rpoleynick/pico/pico-sdk/lib/tinyusb/src/device/usbd_control.c.obj
 .text.tud_control_status
                0x10005920       0x28 CMakeFiles/soloPlaneBar.dir/Users/rpoleynick/pico/pico-sdk/lib/tinyusb/src/device/usbd_control.c.obj
                0x10005920                tud_control_status
 .text.tud_control_xfer
                0x10005948       0x68 CMakeFiles/soloPlaneBar.dir/Users/rpoleynick/pico/pico-sdk/lib/tinyusb/src/device/usbd_control.c.obj
                0x10005948                tud_control_xfer
 .text.usbd_control_reset
                0x100059b0       0x14 CMakeFiles/soloPlaneBar.dir/Users/rpoleynick/pico/pico-sdk/lib/tinyusb/src/device/usbd_control.c.obj
                0x100059b0                usbd_control_reset
 .text.usbd_control_set_complete_callback
                0x100059c4        0xc CMakeFiles/soloPlaneBar.dir/Users/rpoleynick/pico/pico-sdk/lib/tinyusb/src/device/usbd_control.c.obj
                0x100059c4                usbd_control_set_complete_callback
 .text.usbd_control_set_request
                0x100059d0       0x1c CMakeFiles/soloPlaneBar.dir/Users/rpoleynick/pico/pico-sdk/lib/tinyusb/src/device/usbd_control.c.obj
                0x100059d0                usbd_control_set_request
 .text.usbd_control_xfer_cb
                0x100059ec       0xbc CMakeFiles/soloPlaneBar.dir/Users/rpoleynick/pico/pico-sdk/lib/tinyusb/src/device/usbd_control.c.obj
                0x100059ec                usbd_control_xfer_cb
 .text._prep_out_transaction
                0x10005aa8       0x4a CMakeFiles/soloPlaneBar.dir/Users/rpoleynick/pico/pico-sdk/lib/tinyusb/src/class/cdc/cdc_device.c.obj
 *fill*         0x10005af2        0x2 
 .text.tud_cdc_n_connected
                0x10005af4       0x38 CMakeFiles/soloPlaneBar.dir/Users/rpoleynick/pico/pico-sdk/lib/tinyusb/src/class/cdc/cdc_device.c.obj
                0x10005af4                tud_cdc_n_connected
 .text.tud_cdc_n_available
                0x10005b2c       0x18 CMakeFiles/soloPlaneBar.dir/Users/rpoleynick/pico/pico-sdk/lib/tinyusb/src/class/cdc/cdc_device.c.obj
                0x10005b2c                tud_cdc_n_available
 .text.tud_cdc_n_read
                0x10005b44       0x28 CMakeFiles/soloPlaneBar.dir/Users/rpoleynick/pico/pico-sdk/lib/tinyusb/src/class/cdc/cdc_device.c.obj
                0x10005b44                tud_cdc_n_read
 .text.tud_cdc_n_write_flush
                0x10005b6c       0xb8 CMakeFiles/soloPlaneBar.dir/Users/rpoleynick/pico/pico-sdk/lib/tinyusb/src/class/cdc/cdc_device.c.obj
                0x10005b6c                tud_cdc_n_write_flush
 .text.tud_cdc_n_write
                0x10005c24       0x38 CMakeFiles/soloPlaneBar.dir/Users/rpoleynick/pico/pico-sdk/lib/tinyusb/src/class/cdc/cdc_device.c.obj
                0x10005c24                tud_cdc_n_write
 .text.tud_cdc_n_write_available
                0x10005c5c       0x1c CMakeFiles/soloPlaneBar.dir/Users/rpoleynick/pico/pico-sdk/lib/tinyusb/src/class/cdc/cdc_device.c.obj
                0x10005c5c                tud_cdc_n_write_available
 .text.cdcd_init
                0x10005c78       0xbc CMakeFiles/soloPlaneBar.dir/Users/rpoleynick/pico/pico-sdk/lib/tinyusb/src/class/cdc/cdc_device.c.obj
                0x10005c78                cdcd_init
 .text.cdcd_reset
                0x10005d34       0x44 CMakeFiles/soloPlaneBar.dir/Users/rpoleynick/pico/pico-sdk/lib/tinyusb/src/class/cdc/cdc_device.c.obj
                0x10005d34                cdcd_reset
 .text.cdcd_open
                0x10005d78       0xc4 CMakeFiles/soloPlaneBar.dir/Users/rpoleynick/pico/pico-sdk/lib/tinyusb/src/class/cdc/cdc_device.c.obj
                0x10005d78                cdcd_open
 .text.cdcd_control_xfer_cb
                0x10005e3c      0x134 CMakeFiles/soloPlaneBar.dir/Users/rpoleynick/pico/pico-sdk/lib/tinyusb/src/class/cdc/cdc_device.c.obj
                0x10005e3c                cdcd_control_xfer_cb
 .text.cdcd_xfer_cb
                0x10005f70      0x130 CMakeFiles/soloPlaneBar.dir/Users/rpoleynick/pico/pico-sdk/lib/tinyusb/src/class/cdc/cdc_device.c.obj
                0x10005f70                cdcd_xfer_cb
 .text.tusb_init
                0x100060a0        0xa CMakeFiles/soloPlaneBar.dir/Users/rpoleynick/pico/pico-sdk/lib/tinyusb/src/tusb.c.obj
                0x100060a0                tusb_init
 .text.tusb_inited
                0x100060aa        0xe CMakeFiles/soloPlaneBar.dir/Users/rpoleynick/pico/pico-sdk/lib/tinyusb/src/tusb.c.obj
                0x100060aa                tusb_inited
 .text.tu_edpt_claim
                0x100060b8       0x50 CMakeFiles/soloPlaneBar.dir/Users/rpoleynick/pico/pico-sdk/lib/tinyusb/src/tusb.c.obj
                0x100060b8                tu_edpt_claim
 .text.tu_edpt_release
                0x10006108       0x38 CMakeFiles/soloPlaneBar.dir/Users/rpoleynick/pico/pico-sdk/lib/tinyusb/src/tusb.c.obj
                0x10006108                tu_edpt_release
 .text.tu_edpt_validate
                0x10006140       0x78 CMakeFiles/soloPlaneBar.dir/Users/rpoleynick/pico/pico-sdk/lib/tinyusb/src/tusb.c.obj
                0x10006140                tu_edpt_validate
 .text.tu_edpt_bind_driver
                0x100061b8       0x26 CMakeFiles/soloPlaneBar.dir/Users/rpoleynick/pico/pico-sdk/lib/tinyusb/src/tusb.c.obj
                0x100061b8                tu_edpt_bind_driver
 .text.advance_index
                0x100061de       0x1a CMakeFiles/soloPlaneBar.dir/Users/rpoleynick/pico/pico-sdk/lib/tinyusb/src/common/tusb_fifo.c.obj
 .text._tu_fifo_peek
                0x100061f8       0x56 CMakeFiles/soloPlaneBar.dir/Users/rpoleynick/pico/pico-sdk/lib/tinyusb/src/common/tusb_fifo.c.obj
 .text._ff_pull_const_addr
                0x1000624e       0x4c CMakeFiles/soloPlaneBar.dir/Users/rpoleynick/pico/pico-sdk/lib/tinyusb/src/common/tusb_fifo.c.obj
 .text._ff_pull_n
                0x1000629a      0x110 CMakeFiles/soloPlaneBar.dir/Users/rpoleynick/pico/pico-sdk/lib/tinyusb/src/common/tusb_fifo.c.obj
 .text._tu_fifo_peek_n
                0x100063aa       0x6a CMakeFiles/soloPlaneBar.dir/Users/rpoleynick/pico/pico-sdk/lib/tinyusb/src/common/tusb_fifo.c.obj
 .text._tu_fifo_read_n
                0x10006414       0x4e CMakeFiles/soloPlaneBar.dir/Users/rpoleynick/pico/pico-sdk/lib/tinyusb/src/common/tusb_fifo.c.obj
 .text._ff_push_const_addr
                0x10006462       0x40 CMakeFiles/soloPlaneBar.dir/Users/rpoleynick/pico/pico-sdk/lib/tinyusb/src/common/tusb_fifo.c.obj
 .text._ff_push_n
                0x100064a2      0x10c CMakeFiles/soloPlaneBar.dir/Users/rpoleynick/pico/pico-sdk/lib/tinyusb/src/common/tusb_fifo.c.obj
 .text._tu_fifo_write_n
                0x100065ae       0xf0 CMakeFiles/soloPlaneBar.dir/Users/rpoleynick/pico/pico-sdk/lib/tinyusb/src/common/tusb_fifo.c.obj
 .text.tu_fifo_config
                0x1000669e       0x7c CMakeFiles/soloPlaneBar.dir/Users/rpoleynick/pico/pico-sdk/lib/tinyusb/src/common/tusb_fifo.c.obj
                0x1000669e                tu_fifo_config
 .text.tu_fifo_count
                0x1000671a       0x2a CMakeFiles/soloPlaneBar.dir/Users/rpoleynick/pico/pico-sdk/lib/tinyusb/src/common/tusb_fifo.c.obj
                0x1000671a                tu_fifo_count
 .text.tu_fifo_empty
                0x10006744        0xe CMakeFiles/soloPlaneBar.dir/Users/rpoleynick/pico/pico-sdk/lib/tinyusb/src/common/tusb_fifo.c.obj
                0x10006744                tu_fifo_empty
 .text.tu_fifo_full
                0x10006752       0x28 CMakeFiles/soloPlaneBar.dir/Users/rpoleynick/pico/pico-sdk/lib/tinyusb/src/common/tusb_fifo.c.obj
                0x10006752                tu_fifo_full
 .text.tu_fifo_remaining
                0x1000677a       0x2c CMakeFiles/soloPlaneBar.dir/Users/rpoleynick/pico/pico-sdk/lib/tinyusb/src/common/tusb_fifo.c.obj
                0x1000677a                tu_fifo_remaining
 .text.tu_fifo_read
                0x100067a6       0x42 CMakeFiles/soloPlaneBar.dir/Users/rpoleynick/pico/pico-sdk/lib/tinyusb/src/common/tusb_fifo.c.obj
                0x100067a6                tu_fifo_read
 .text.tu_fifo_read_n
                0x100067e8        0xa CMakeFiles/soloPlaneBar.dir/Users/rpoleynick/pico/pico-sdk/lib/tinyusb/src/common/tusb_fifo.c.obj
                0x100067e8                tu_fifo_read_n
 .text.tu_fifo_write
                0x100067f2       0x64 CMakeFiles/soloPlaneBar.dir/Users/rpoleynick/pico/pico-sdk/lib/tinyusb/src/common/tusb_fifo.c.obj
                0x100067f2                tu_fifo_write
 .text.tu_fifo_write_n
                0x10006856        0xa CMakeFiles/soloPlaneBar.dir/Users/rpoleynick/pico/pico-sdk/lib/tinyusb/src/common/tusb_fifo.c.obj
                0x10006856                tu_fifo_write_n
 .text.tu_fifo_clear
                0x10006860       0x3e CMakeFiles/soloPlaneBar.dir/Users/rpoleynick/pico/pico-sdk/lib/tinyusb/src/common/tusb_fifo.c.obj
                0x10006860                tu_fifo_clear
 .text.tu_fifo_set_overwritable
                0x1000689e       0x46 CMakeFiles/soloPlaneBar.dir/Users/rpoleynick/pico/pico-sdk/lib/tinyusb/src/common/tusb_fifo.c.obj
                0x1000689e                tu_fifo_set_overwritable
 .text.core1_trampoline
                0x100068e4        0x2 CMakeFiles/soloPlaneBar.dir/Users/rpoleynick/pico/pico-sdk/src/rp2_common/pico_multicore/multicore.c.obj
 .text.core1_wrapper
                0x100068e6        0xc CMakeFiles/soloPlaneBar.dir/Users/rpoleynick/pico/pico-sdk/src/rp2_common/pico_multicore/multicore.c.obj
                0x100068e6                core1_wrapper
 .text.multicore_fifo_push_blocking
                0x100068f2       0x14 CMakeFiles/soloPlaneBar.dir/Users/rpoleynick/pico/pico-sdk/src/rp2_common/pico_multicore/multicore.c.obj
                0x100068f2                multicore_fifo_push_blocking
 .text.multicore_fifo_pop_blocking
                0x10006906       0x16 CMakeFiles/soloPlaneBar.dir/Users/rpoleynick/pico/pico-sdk/src/rp2_common/pico_multicore/multicore.c.obj
                0x10006906                multicore_fifo_pop_blocking
 .text.multicore_launch_core1_raw
                0x1000691c       0x70 CMakeFiles/soloPlaneBar.dir/Users/rpoleynick/pico/pico-sdk/src/rp2_common/pico_multicore/multicore.c.obj
                0x1000691c                multicore_launch_core1_raw
 .text.multicore_launch_core1_with_stack
                0x1000698c       0x50 CMakeFiles/soloPlaneBar.dir/Users/rpoleynick/pico/pico-sdk/src/rp2_common/pico_multicore/multicore.c.obj
                0x1000698c                multicore_launch_core1_with_stack
 .text.multicore_launch_core1
                0x100069dc       0x24 CMakeFiles/soloPlaneBar.dir/Users/rpoleynick/pico/pico-sdk/src/rp2_common/pico_multicore/multicore.c.obj
                0x100069dc                multicore_launch_core1
 .text.dma_claim_unused_channel
                0x10006a00       0x24 CMakeFiles/soloPlaneBar.dir/Users/rpoleynick/pico/pico-sdk/src/rp2_common/hardware_dma/dma.c.obj
                0x10006a00                dma_claim_unused_channel
 .text.pio_get_default_sm_config
                0x10006a24       0x28 CMakeFiles/soloPlaneBar.dir/Users/rpoleynick/pico/pico-sdk/src/rp2_common/hardware_pio/pio.c.obj
 .text._pio_can_add_program_at_offset
                0x10006a4c       0x3c CMakeFiles/soloPlaneBar.dir/Users/rpoleynick/pico/pico-sdk/src/rp2_common/hardware_pio/pio.c.obj
 .text._pio_find_offset_for_program
                0x10006a88       0x7c CMakeFiles/soloPlaneBar.dir/Users/rpoleynick/pico/pico-sdk/src/rp2_common/hardware_pio/pio.c.obj
 .text._pio_add_program_at_offset
                0x10006b04       0x7c CMakeFiles/soloPlaneBar.dir/Users/rpoleynick/pico/pico-sdk/src/rp2_common/hardware_pio/pio.c.obj
 .text.pio_add_program
                0x10006b80       0x38 CMakeFiles/soloPlaneBar.dir/Users/rpoleynick/pico/pico-sdk/src/rp2_common/hardware_pio/pio.c.obj
                0x10006b80                pio_add_program
 .text.pio_sm_set_consecutive_pindirs
                0x10006bb8       0xa4 CMakeFiles/soloPlaneBar.dir/Users/rpoleynick/pico/pico-sdk/src/rp2_common/hardware_pio/pio.c.obj
                0x10006bb8                pio_sm_set_consecutive_pindirs
 .text.pio_sm_init
                0x10006c5c       0xb0 CMakeFiles/soloPlaneBar.dir/Users/rpoleynick/pico/pico-sdk/src/rp2_common/hardware_pio/pio.c.obj
                0x10006c5c                pio_sm_init
 .text.sm_config_set_clkdiv
                0x10006d0c       0x3c CMakeFiles/soloPlaneBar.dir/ws2812/ws2812.c.obj
 .text.pio_get_default_sm_config
                0x10006d48       0x28 CMakeFiles/soloPlaneBar.dir/ws2812/ws2812.c.obj
 .text.ws2812_program_get_default_config
                0x10006d70       0x3c CMakeFiles/soloPlaneBar.dir/ws2812/ws2812.c.obj
 .text.ws2812_program_init
                0x10006dac       0xd4 CMakeFiles/soloPlaneBar.dir/ws2812/ws2812.c.obj
 .text.put_pixel
                0x10006e80       0x2c CMakeFiles/soloPlaneBar.dir/ws2812/ws2812.c.obj
                0x10006e80                put_pixel
 .text.urgb_u32
                0x10006eac        0xa CMakeFiles/soloPlaneBar.dir/ws2812/ws2812.c.obj
                0x10006eac                urgb_u32
 *fill*         0x10006eb6        0x2 
 .text.ws2812_init
                0x10006eb8       0x58 CMakeFiles/soloPlaneBar.dir/ws2812/ws2812.c.obj
                0x10006eb8                ws2812_init
 .text.adc_fifo_drain
                0x10006f10       0x1c CMakeFiles/soloPlaneBar.dir/sensor/sensor.c.obj
 .text.sensor_data_handler
                0x10006f2c       0x5c CMakeFiles/soloPlaneBar.dir/sensor/sensor.c.obj
                0x10006f2c                sensor_data_handler
 .text.queue_init
                0x10006f88       0x1a CMakeFiles/soloPlaneBar.dir/sensor/sensor.c.obj
 .text.adc_gpio_init
                0x10006fa2       0x1e CMakeFiles/soloPlaneBar.dir/sensor/sensor.c.obj
 .text.sensor_adc_init
                0x10006fc0       0x68 CMakeFiles/soloPlaneBar.dir/sensor/sensor.c.obj
 .text.channel_config_set_chain_to
                0x10007028       0x30 CMakeFiles/soloPlaneBar.dir/sensor/sensor.c.obj
 .text.dma_channel_get_default_config
                0x10007058       0x74 CMakeFiles/soloPlaneBar.dir/sensor/sensor.c.obj
 .text.sensor_dma_init
                0x100070cc       0x70 CMakeFiles/soloPlaneBar.dir/sensor/sensor.c.obj
 .text.sensor_init
                0x1000713c       0x70 CMakeFiles/soloPlaneBar.dir/sensor/sensor.c.obj
                0x1000713c                sensor_init
 .text.trigger  0x100071ac       0xa0 CMakeFiles/soloPlaneBar.dir/sensor/sensor.c.obj
                0x100071ac                trigger
 .text.sensor_task
                0x1000724c       0x7c CMakeFiles/soloPlaneBar.dir/sensor/sensor.c.obj
                0x1000724c                sensor_task
 .text.adc_init
                0x100072c8       0x34 CMakeFiles/soloPlaneBar.dir/Users/rpoleynick/pico/pico-sdk/src/rp2_common/hardware_adc/adc.c.obj
                0x100072c8                adc_init
 .text.calloc   0x100072fc       0x18 /Applications/ArmGNUToolchain/13.2.Rel1/arm-none-eabi/bin/../lib/gcc/arm-none-eabi/13.2.1/../../../../arm-none-eabi/lib/thumb/v6-m/nofp/libg.a(libc_a-calloc.o)
                0x100072fc                calloc
 .text._calloc_r
                0x10007314       0xa8 /Applications/ArmGNUToolchain/13.2.Rel1/arm-none-eabi/bin/../lib/gcc/arm-none-eabi/13.2.1/../../../../arm-none-eabi/lib/thumb/v6-m/nofp/libg.a(libc_a-callocr.o)
                0x10007314                _calloc_r
 .text._malloc_r
                0x100073bc      0x5c4 /Applications/ArmGNUToolchain/13.2.Rel1/arm-none-eabi/bin/../lib/gcc/arm-none-eabi/13.2.1/../../../../arm-none-eabi/lib/thumb/v6-m/nofp/libg.a(libc_a-mallocr.o)
                0x100073bc                _malloc_r
 .text.__malloc_lock
                0x10007980       0x10 /Applications/ArmGNUToolchain/13.2.Rel1/arm-none-eabi/bin/../lib/gcc/arm-none-eabi/13.2.1/../../../../arm-none-eabi/lib/thumb/v6-m/nofp/libg.a(libc_a-mlock.o)
                0x10007980                __malloc_lock
 .text.__malloc_unlock
                0x10007990       0x10 /Applications/ArmGNUToolchain/13.2.Rel1/arm-none-eabi/bin/../lib/gcc/arm-none-eabi/13.2.1/../../../../arm-none-eabi/lib/thumb/v6-m/nofp/libg.a(libc_a-mlock.o)
                0x10007990                __malloc_unlock
 .text._sbrk_r  0x100079a0       0x24 /Applications/ArmGNUToolchain/13.2.Rel1/arm-none-eabi/bin/../lib/gcc/arm-none-eabi/13.2.1/../../../../arm-none-eabi/lib/thumb/v6-m/nofp/libg.a(libc_a-sbrkr.o)
                0x100079a0                _sbrk_r
 .text.__errno  0x100079c4        0xc /Applications/ArmGNUToolchain/13.2.Rel1/arm-none-eabi/bin/../lib/gcc/arm-none-eabi/13.2.1/../../../../arm-none-eabi/lib/thumb/v6-m/nofp/libg.a(libc_a-errno.o)
                0x100079c4                __errno
 .text.sysconf  0x100079d0       0x1c /Applications/ArmGNUToolchain/13.2.Rel1/arm-none-eabi/bin/../lib/gcc/arm-none-eabi/13.2.1/../../../../arm-none-eabi/lib/thumb/v6-m/nofp/libg.a(libc_a-sysconf.o)
                0x100079d0                sysconf
 .text.__retarget_lock_acquire_recursive
                0x100079ec        0x4 /Applications/ArmGNUToolchain/13.2.Rel1/arm-none-eabi/bin/../lib/gcc/arm-none-eabi/13.2.1/../../../../arm-none-eabi/lib/thumb/v6-m/nofp/libg.a(libc_a-lock.o)
                0x100079ec                __retarget_lock_acquire_recursive
 .text.__retarget_lock_release_recursive
                0x100079f0        0x4 /Applications/ArmGNUToolchain/13.2.Rel1/arm-none-eabi/bin/../lib/gcc/arm-none-eabi/13.2.1/../../../../arm-none-eabi/lib/thumb/v6-m/nofp/libg.a(libc_a-lock.o)
                0x100079f0                __retarget_lock_release_recursive
 .text.strlen   0x100079f4       0x5c /Applications/ArmGNUToolchain/13.2.Rel1/arm-none-eabi/bin/../lib/gcc/arm-none-eabi/13.2.1/../../../../arm-none-eabi/lib/thumb/v6-m/nofp/libg.a(libc_a-strlen-stub.o)
                0x100079f4                strlen
 .text._malloc_trim_r
                0x10007a50       0xb4 /Applications/ArmGNUToolchain/13.2.Rel1/arm-none-eabi/bin/../lib/gcc/arm-none-eabi/13.2.1/../../../../arm-none-eabi/lib/thumb/v6-m/nofp/libg.a(libc_a-freer.o)
                0x10007a50                _malloc_trim_r
 .text._free_r  0x10007b04      0x1d4 /Applications/ArmGNUToolchain/13.2.Rel1/arm-none-eabi/bin/../lib/gcc/arm-none-eabi/13.2.1/../../../../arm-none-eabi/lib/thumb/v6-m/nofp/libg.a(libc_a-freer.o)
                0x10007b04                _free_r
 *(.fini)
 .fini          0x10007cd8        0x4 /Applications/ArmGNUToolchain/13.2.Rel1/arm-none-eabi/bin/../lib/gcc/arm-none-eabi/13.2.1/thumb/v6-m/nofp/crti.o
                0x10007cd8                _fini
 *fill*         0x10007cdc        0x4 
 .fini.__stub   0x10007ce0       0xf0 linker stubs
 *crtbegin.o(.ctors)
 *crtbegin?.o(.ctors)
 *(EXCLUDE_FILE(*crtend.o *crtend?.o) .ctors)
 *(SORT_BY_NAME(.ctors.*))
 *(.ctors)
 *crtbegin.o(.dtors)
 *crtbegin?.o(.dtors)
 *(EXCLUDE_FILE(*crtend.o *crtend?.o) .dtors)
 *(SORT_BY_NAME(.dtors.*))
 *(.dtors)
 *(.eh_frame*)
 .eh_frame      0x10007dd0        0x0 /Applications/ArmGNUToolchain/13.2.Rel1/arm-none-eabi/bin/../lib/gcc/arm-none-eabi/13.2.1/thumb/v6-m/nofp/crtbegin.o
                0x10007dd0                        . = ALIGN (0x4)

.glue_7         0x10007dd0        0x0
 .glue_7        0x10007dd0        0x0 linker stubs

.glue_7t        0x10007dd0        0x0
 .glue_7t       0x10007dd0        0x0 linker stubs

.vfp11_veneer   0x10007dd0        0x0
 .vfp11_veneer  0x10007dd0        0x0 linker stubs

.v4_bx          0x10007dd0        0x0
 .v4_bx         0x10007dd0        0x0 linker stubs

.iplt           0x10007dd0        0x0
 .iplt          0x10007dd0        0x0 /Applications/ArmGNUToolchain/13.2.Rel1/arm-none-eabi/bin/../lib/gcc/arm-none-eabi/13.2.1/thumb/v6-m/nofp/crtbegin.o

.rodata         0x10007dd0     0x184c
 *(EXCLUDE_FILE(*libm.a: *libc.a:*lib_a-mem*.o *libgcc.a:) .rodata*)
 .rodata.spin_lock_claim_unused.str1.4
                0x10007dd0     0x1119 CMakeFiles/soloPlaneBar.dir/Users/rpoleynick/pico/pico-sdk/src/rp2_common/hardware_sync/sync.c.obj
                                 0x1b (size before relaxing)
 .rodata.resolve_branch.str1.4
                0x10008ee9       0x5a CMakeFiles/soloPlaneBar.dir/Users/rpoleynick/pico/pico-sdk/src/rp2_common/hardware_irq/irq.c.obj
 .rodata.make_branch.str1.4
                0x10008ee9       0x30 CMakeFiles/soloPlaneBar.dir/Users/rpoleynick/pico/pico-sdk/src/rp2_common/hardware_irq/irq.c.obj
 .rodata.insert_branch_and_link.str1.4
                0x10008ee9       0x10 CMakeFiles/soloPlaneBar.dir/Users/rpoleynick/pico/pico-sdk/src/rp2_common/hardware_irq/irq.c.obj
 .rodata.irq_set_exclusive_handler.str1.4
                0x10008ee9       0x36 CMakeFiles/soloPlaneBar.dir/Users/rpoleynick/pico/pico-sdk/src/rp2_common/hardware_irq/irq.c.obj
 .rodata.irq_add_shared_handler.str1.4
                0x10008ee9       0xc2 CMakeFiles/soloPlaneBar.dir/Users/rpoleynick/pico/pico-sdk/src/rp2_common/hardware_irq/irq.c.obj
 .rodata.irq_remove_handler.str1.4
                0x10008ee9       0x3a CMakeFiles/soloPlaneBar.dir/Users/rpoleynick/pico/pico-sdk/src/rp2_common/hardware_irq/irq.c.obj
 .rodata.irq_add_tail_to_free_list.str1.4
                0x10008ee9       0x3a CMakeFiles/soloPlaneBar.dir/Users/rpoleynick/pico/pico-sdk/src/rp2_common/hardware_irq/irq.c.obj
 .rodata.user_irq_claim_unused.str1.4
                0x10008ee9       0x1b CMakeFiles/soloPlaneBar.dir/Users/rpoleynick/pico/pico-sdk/src/rp2_common/hardware_irq/irq.c.obj
 *fill*         0x10008ee9        0x3 
 .rodata.__func__.0
                0x10008eec       0x1a CMakeFiles/soloPlaneBar.dir/Users/rpoleynick/pico/pico-sdk/src/rp2_common/hardware_irq/irq.c.obj
 *fill*         0x10008f06        0x2 
 .rodata.__func__.1
                0x10008f08       0x17 CMakeFiles/soloPlaneBar.dir/Users/rpoleynick/pico/pico-sdk/src/rp2_common/hardware_irq/irq.c.obj
 *fill*         0x10008f1f        0x1 
 .rodata.__func__.2
                0x10008f20       0x13 CMakeFiles/soloPlaneBar.dir/Users/rpoleynick/pico/pico-sdk/src/rp2_common/hardware_irq/irq.c.obj
 *fill*         0x10008f33        0x1 
 .rodata.__func__.3
                0x10008f34        0xc CMakeFiles/soloPlaneBar.dir/Users/rpoleynick/pico/pico-sdk/src/rp2_common/hardware_irq/irq.c.obj
 .rodata.__func__.4
                0x10008f40        0xf CMakeFiles/soloPlaneBar.dir/Users/rpoleynick/pico/pico-sdk/src/rp2_common/hardware_irq/irq.c.obj
 *fill*         0x10008f4f        0x1 
 .rodata.__func__.5
                0x10008f50       0x17 CMakeFiles/soloPlaneBar.dir/Users/rpoleynick/pico/pico-sdk/src/rp2_common/hardware_irq/irq.c.obj
 *fill*         0x10008f67        0x1 
 .rodata.__func__.6
                0x10008f68       0x1a CMakeFiles/soloPlaneBar.dir/Users/rpoleynick/pico/pico-sdk/src/rp2_common/hardware_irq/irq.c.obj
 .rodata.update_us_since_boot.str1.4
                0x10008f82       0x66 CMakeFiles/soloPlaneBar.dir/Users/rpoleynick/pico/pico-sdk/src/common/pico_sync/mutex.c.obj
 .rodata.str1.4
                0x10008f82       0x91 CMakeFiles/soloPlaneBar.dir/Users/rpoleynick/pico/pico-sdk/src/common/pico_sync/mutex.c.obj
 *fill*         0x10008f82        0x2 
 .rodata.__func__.1
                0x10008f84        0xb CMakeFiles/soloPlaneBar.dir/Users/rpoleynick/pico/pico-sdk/src/common/pico_sync/mutex.c.obj
 *fill*         0x10008f8f        0x1 
 .rodata.__func__.3
                0x10008f90       0x18 CMakeFiles/soloPlaneBar.dir/Users/rpoleynick/pico/pico-sdk/src/common/pico_sync/mutex.c.obj
 .rodata.__func__.4
                0x10008fa8       0x15 CMakeFiles/soloPlaneBar.dir/Users/rpoleynick/pico/pico-sdk/src/common/pico_sync/mutex.c.obj
 .rodata.get_entry.str1.4
                0x10008fbd       0x60 CMakeFiles/soloPlaneBar.dir/Users/rpoleynick/pico/pico-sdk/src/common/pico_time/time.c.obj
 .rodata.update_us_since_boot.str1.4
                0x10008fbd       0x66 CMakeFiles/soloPlaneBar.dir/Users/rpoleynick/pico/pico-sdk/src/common/pico_time/time.c.obj
 .rodata.ph_get_node.str1.4
                0x10008fbd       0x6b CMakeFiles/soloPlaneBar.dir/Users/rpoleynick/pico/pico-sdk/src/common/pico_time/time.c.obj
 .rodata.ph_add_child_node.str1.4
                0x10008fbd       0x2e CMakeFiles/soloPlaneBar.dir/Users/rpoleynick/pico/pico-sdk/src/common/pico_time/time.c.obj
 .rodata.ph_insert_node.str1.4
                0x10008fbd        0x3 CMakeFiles/soloPlaneBar.dir/Users/rpoleynick/pico/pico-sdk/src/common/pico_time/time.c.obj
 .rodata.ph_free_node.str1.4
                0x10008fbd       0x38 CMakeFiles/soloPlaneBar.dir/Users/rpoleynick/pico/pico-sdk/src/common/pico_time/time.c.obj
 .rodata.add_alarm_under_lock.str1.4
                0x10008fbd       0x28 CMakeFiles/soloPlaneBar.dir/Users/rpoleynick/pico/pico-sdk/src/common/pico_time/time.c.obj
 .rodata.alarm_pool_alarm_callback.str1.4
                0x10008fbd       0x60 CMakeFiles/soloPlaneBar.dir/Users/rpoleynick/pico/pico-sdk/src/common/pico_time/time.c.obj
 .rodata.alarm_pool_get_default.str1.4
                0x10008fbd       0x21 CMakeFiles/soloPlaneBar.dir/Users/rpoleynick/pico/pico-sdk/src/common/pico_time/time.c.obj
 .rodata.alarm_pool_cancel_alarm.str1.4
                0x10008fbd       0x27 CMakeFiles/soloPlaneBar.dir/Users/rpoleynick/pico/pico-sdk/src/common/pico_time/time.c.obj
 .rodata.sleep_until.str1.4
                0x10008fbd       0x4d CMakeFiles/soloPlaneBar.dir/Users/rpoleynick/pico/pico-sdk/src/common/pico_time/time.c.obj
 *fill*         0x10008fbd        0x3 
 .rodata.__func__.1
                0x10008fc0       0x18 CMakeFiles/soloPlaneBar.dir/Users/rpoleynick/pico/pico-sdk/src/common/pico_time/time.c.obj
 .rodata.__func__.3
                0x10008fd8       0x17 CMakeFiles/soloPlaneBar.dir/Users/rpoleynick/pico/pico-sdk/src/common/pico_time/time.c.obj
 *fill*         0x10008fef        0x1 
 .rodata.__func__.4
                0x10008ff0       0x12 CMakeFiles/soloPlaneBar.dir/Users/rpoleynick/pico/pico-sdk/src/common/pico_time/time.c.obj
 *fill*         0x10009002        0x2 
 .rodata.__func__.5
                0x10009004        0xd CMakeFiles/soloPlaneBar.dir/Users/rpoleynick/pico/pico-sdk/src/common/pico_time/time.c.obj
 *fill*         0x10009011        0x3 
 .rodata.__func__.6
                0x10009014       0x12 CMakeFiles/soloPlaneBar.dir/Users/rpoleynick/pico/pico-sdk/src/common/pico_time/time.c.obj
 *fill*         0x10009026        0x2 
 .rodata.__func__.7
                0x10009028        0xf CMakeFiles/soloPlaneBar.dir/Users/rpoleynick/pico/pico-sdk/src/common/pico_time/time.c.obj
 *fill*         0x10009037        0x1 
 .rodata.__func__.8
                0x10009038        0xc CMakeFiles/soloPlaneBar.dir/Users/rpoleynick/pico/pico-sdk/src/common/pico_time/time.c.obj
 .rodata.__func__.9
                0x10009044       0x15 CMakeFiles/soloPlaneBar.dir/Users/rpoleynick/pico/pico-sdk/src/common/pico_time/time.c.obj
 *fill*         0x10009059        0x3 
 .rodata.__func__.10
                0x1000905c       0x15 CMakeFiles/soloPlaneBar.dir/Users/rpoleynick/pico/pico-sdk/src/common/pico_time/time.c.obj
 *fill*         0x10009071        0x3 
 .rodata.__func__.11
                0x10009074       0x1a CMakeFiles/soloPlaneBar.dir/Users/rpoleynick/pico/pico-sdk/src/common/pico_time/time.c.obj
 *fill*         0x1000908e        0x2 
 .rodata.__func__.12
                0x10009090        0xa CMakeFiles/soloPlaneBar.dir/Users/rpoleynick/pico/pico-sdk/src/common/pico_time/time.c.obj
 .rodata.hardware_alarm_claim.str1.4
                0x1000909a       0x22 CMakeFiles/soloPlaneBar.dir/Users/rpoleynick/pico/pico-sdk/src/rp2_common/hardware_timer/timer.c.obj
 .rodata.hardware_alarm_set_target.str1.4
                0x1000909a       0x6a CMakeFiles/soloPlaneBar.dir/Users/rpoleynick/pico/pico-sdk/src/rp2_common/hardware_timer/timer.c.obj
 *fill*         0x1000909a        0x2 
 .rodata.__func__.0
                0x1000909c       0x1a CMakeFiles/soloPlaneBar.dir/Users/rpoleynick/pico/pico-sdk/src/rp2_common/hardware_timer/timer.c.obj
 .rodata.ph_get_node.str1.4
                0x100090b6       0x6b CMakeFiles/soloPlaneBar.dir/Users/rpoleynick/pico/pico-sdk/src/common/pico_util/pheap.c.obj
 .rodata.ph_add_child_node.str1.4
                0x100090b6       0x2e CMakeFiles/soloPlaneBar.dir/Users/rpoleynick/pico/pico-sdk/src/common/pico_util/pheap.c.obj
 .rodata.ph_remove_any_head.str1.4
                0x100090b6       0xa8 CMakeFiles/soloPlaneBar.dir/Users/rpoleynick/pico/pico-sdk/src/common/pico_util/pheap.c.obj
 .rodata.ph_remove_and_free_node.str1.4
                0x100090b6       0x26 CMakeFiles/soloPlaneBar.dir/Users/rpoleynick/pico/pico-sdk/src/common/pico_util/pheap.c.obj
 *fill*         0x100090b6        0x2 
 .rodata.__func__.0
                0x100090b8       0x18 CMakeFiles/soloPlaneBar.dir/Users/rpoleynick/pico/pico-sdk/src/common/pico_util/pheap.c.obj
 .rodata.__func__.1
                0x100090d0       0x13 CMakeFiles/soloPlaneBar.dir/Users/rpoleynick/pico/pico-sdk/src/common/pico_util/pheap.c.obj
 *fill*         0x100090e3        0x1 
 .rodata.__func__.2
                0x100090e4       0x12 CMakeFiles/soloPlaneBar.dir/Users/rpoleynick/pico/pico-sdk/src/common/pico_util/pheap.c.obj
 *fill*         0x100090f6        0x2 
 .rodata.__func__.3
                0x100090f8        0xc CMakeFiles/soloPlaneBar.dir/Users/rpoleynick/pico/pico-sdk/src/common/pico_util/pheap.c.obj
 .rodata.element_ptr.str1.4
                0x10009104       0x59 CMakeFiles/soloPlaneBar.dir/Users/rpoleynick/pico/pico-sdk/src/common/pico_util/queue.c.obj
 .rodata.__func__.0
                0x10009104        0xc CMakeFiles/soloPlaneBar.dir/Users/rpoleynick/pico/pico-sdk/src/common/pico_util/queue.c.obj
 .rodata.clock_configure.str1.4
                0x10009110       0x5c CMakeFiles/soloPlaneBar.dir/Users/rpoleynick/pico/pico-sdk/src/rp2_common/hardware_clocks/clocks.c.obj
 .rodata.__func__.1
                0x10009110       0x10 CMakeFiles/soloPlaneBar.dir/Users/rpoleynick/pico/pico-sdk/src/rp2_common/hardware_clocks/clocks.c.obj
 .rodata.pll_init.str1.4
                0x10009120      0x128 CMakeFiles/soloPlaneBar.dir/Users/rpoleynick/pico/pico-sdk/src/rp2_common/hardware_pll/pll.c.obj
 .rodata.__func__.0
                0x10009120        0x9 CMakeFiles/soloPlaneBar.dir/Users/rpoleynick/pico/pico-sdk/src/rp2_common/hardware_pll/pll.c.obj
 .rodata.__assert_func.str1.4
                0x10009129       0x43 CMakeFiles/soloPlaneBar.dir/Users/rpoleynick/pico/pico-sdk/src/rp2_common/pico_runtime/runtime.c.obj
 .rodata.runtime_init.str1.4
                0x10009129       0x66 CMakeFiles/soloPlaneBar.dir/Users/rpoleynick/pico/pico-sdk/src/rp2_common/pico_runtime/runtime.c.obj
 .rodata.panic.str1.4
                0x10009129       0x12 CMakeFiles/soloPlaneBar.dir/Users/rpoleynick/pico/pico-sdk/src/rp2_common/pico_runtime/runtime.c.obj
 *fill*         0x10009129        0x3 
 .rodata.__func__.2
                0x1000912c        0xd CMakeFiles/soloPlaneBar.dir/Users/rpoleynick/pico/pico-sdk/src/rp2_common/pico_runtime/runtime.c.obj
 .rodata._ftoa.str1.4
                0x10009139       0x15 CMakeFiles/soloPlaneBar.dir/Users/rpoleynick/pico/pico-sdk/src/rp2_common/pico_printf/printf.c.obj
 *fill*         0x10009139        0x3 
 .rodata._vsnprintf
                0x1000913c      0x19c CMakeFiles/soloPlaneBar.dir/Users/rpoleynick/pico/pico-sdk/src/rp2_common/pico_printf/printf.c.obj
 .rodata.pow10.0
                0x100092d8       0x50 CMakeFiles/soloPlaneBar.dir/Users/rpoleynick/pico/pico-sdk/src/rp2_common/pico_printf/printf.c.obj
 .rodata.missing_double_func_shim.str1.4
                0x10009328       0x18 CMakeFiles/soloPlaneBar.dir/Users/rpoleynick/pico/pico-sdk/src/rp2_common/pico_double/double_init_rom.c.obj
 .rodata.__aeabi_double_init.str1.4
                0x10009328       0xa1 CMakeFiles/soloPlaneBar.dir/Users/rpoleynick/pico/pico-sdk/src/rp2_common/pico_double/double_init_rom.c.obj
 .rodata.__func__.0
                0x10009328       0x14 CMakeFiles/soloPlaneBar.dir/Users/rpoleynick/pico/pico-sdk/src/rp2_common/pico_double/double_init_rom.c.obj
 .rodata.missing_float_func_shim.str1.4
                0x1000933c        0x1 CMakeFiles/soloPlaneBar.dir/Users/rpoleynick/pico/pico-sdk/src/rp2_common/pico_float/float_init_rom.c.obj
 .rodata.__aeabi_float_init.str1.4
                0x1000933c       0x7f CMakeFiles/soloPlaneBar.dir/Users/rpoleynick/pico/pico-sdk/src/rp2_common/pico_float/float_init_rom.c.obj
 .rodata.__func__.0
                0x1000933c       0x13 CMakeFiles/soloPlaneBar.dir/Users/rpoleynick/pico/pico-sdk/src/rp2_common/pico_float/float_init_rom.c.obj
 .rodata.check_alloc.str1.4
                0x1000934f        0xe CMakeFiles/soloPlaneBar.dir/Users/rpoleynick/pico/pico-sdk/src/rp2_common/pico_malloc/pico_malloc.c.obj
 .rodata.str1.4
                0x1000934f       0x5c CMakeFiles/soloPlaneBar.dir/Users/rpoleynick/pico/pico-sdk/src/rp2_common/pico_standard_link/binary_info.c.obj
 *fill*         0x1000934f        0x1 
 .rodata.__bi_81
                0x10009350        0xc CMakeFiles/soloPlaneBar.dir/Users/rpoleynick/pico/pico-sdk/src/rp2_common/pico_standard_link/binary_info.c.obj
 .rodata.__bi_75
                0x1000935c        0xc CMakeFiles/soloPlaneBar.dir/Users/rpoleynick/pico/pico-sdk/src/rp2_common/pico_standard_link/binary_info.c.obj
 .rodata.__bi_56
                0x10009368        0xc CMakeFiles/soloPlaneBar.dir/Users/rpoleynick/pico/pico-sdk/src/rp2_common/pico_standard_link/binary_info.c.obj
 .rodata.__bi_44
                0x10009374        0xc CMakeFiles/soloPlaneBar.dir/Users/rpoleynick/pico/pico-sdk/src/rp2_common/pico_standard_link/binary_info.c.obj
 .rodata.update_us_since_boot.str1.4
                0x10009380       0x66 CMakeFiles/soloPlaneBar.dir/Users/rpoleynick/pico/pico-sdk/src/rp2_common/pico_stdio/stdio.c.obj
 .rodata.crlf_str.2
                0x10009380        0x2 CMakeFiles/soloPlaneBar.dir/Users/rpoleynick/pico/pico-sdk/src/rp2_common/pico_stdio/stdio.c.obj
 *fill*         0x10009382        0x2 
 .rodata.__func__.3
                0x10009384       0x15 CMakeFiles/soloPlaneBar.dir/Users/rpoleynick/pico/pico-sdk/src/rp2_common/pico_stdio/stdio.c.obj
 *fill*         0x10009399        0x3 
 .rodata._resetd_driver
                0x1000939c       0x18 CMakeFiles/soloPlaneBar.dir/Users/rpoleynick/pico/pico-sdk/src/rp2_common/pico_stdio_usb/reset_interface.c.obj
 .rodata.update_us_since_boot.str1.4
                0x100093b4       0x66 CMakeFiles/soloPlaneBar.dir/Users/rpoleynick/pico/pico-sdk/src/rp2_common/pico_stdio_usb/stdio_usb.c.obj
 .rodata.stdio_usb_init.str1.4
                0x100093b4       0x52 CMakeFiles/soloPlaneBar.dir/Users/rpoleynick/pico/pico-sdk/src/rp2_common/pico_stdio_usb/stdio_usb.c.obj
 .rodata.str1.4
                0x100093b4       0x13 CMakeFiles/soloPlaneBar.dir/Users/rpoleynick/pico/pico-sdk/src/rp2_common/pico_stdio_usb/stdio_usb.c.obj
 .rodata.__bi_182.0
                0x100093b4        0xc CMakeFiles/soloPlaneBar.dir/Users/rpoleynick/pico/pico-sdk/src/rp2_common/pico_stdio_usb/stdio_usb.c.obj
 .rodata.__func__.1
                0x100093c0        0xf CMakeFiles/soloPlaneBar.dir/Users/rpoleynick/pico/pico-sdk/src/rp2_common/pico_stdio_usb/stdio_usb.c.obj
 *fill*         0x100093cf        0x1 
 .rodata.__func__.3
                0x100093d0       0x15 CMakeFiles/soloPlaneBar.dir/Users/rpoleynick/pico/pico-sdk/src/rp2_common/pico_stdio_usb/stdio_usb.c.obj
 .rodata.str1.4
                0x100093e5       0x2a CMakeFiles/soloPlaneBar.dir/Users/rpoleynick/pico/pico-sdk/src/rp2_common/pico_stdio_usb/stdio_usb_descriptors.c.obj
 *fill*         0x100093e5        0x3 
 .rodata.usbd_desc_str
                0x100093e8       0x18 CMakeFiles/soloPlaneBar.dir/Users/rpoleynick/pico/pico-sdk/src/rp2_common/pico_stdio_usb/stdio_usb_descriptors.c.obj
 .rodata.usbd_desc_cfg
                0x10009400       0x54 CMakeFiles/soloPlaneBar.dir/Users/rpoleynick/pico/pico-sdk/src/rp2_common/pico_stdio_usb/stdio_usb_descriptors.c.obj
 .rodata.usbd_desc_device
                0x10009454       0x12 CMakeFiles/soloPlaneBar.dir/Users/rpoleynick/pico/pico-sdk/src/rp2_common/pico_stdio_usb/stdio_usb_descriptors.c.obj
 .rodata.pico_get_unique_board_id_string.str1.4
                0x10009466       0x52 CMakeFiles/soloPlaneBar.dir/Users/rpoleynick/pico/pico-sdk/src/rp2_common/pico_unique_id/unique_id.c.obj
 *fill*         0x10009466        0x2 
 .rodata.__func__.0
                0x10009468       0x20 CMakeFiles/soloPlaneBar.dir/Users/rpoleynick/pico/pico-sdk/src/rp2_common/pico_unique_id/unique_id.c.obj
 .rodata.str1.4
                0x10009488      0x15e CMakeFiles/soloPlaneBar.dir/Users/rpoleynick/pico/pico-sdk/src/rp2_common/hardware_flash/flash.c.obj
 .rodata.__func__.0
                0x10009488        0xd CMakeFiles/soloPlaneBar.dir/Users/rpoleynick/pico/pico-sdk/src/rp2_common/hardware_flash/flash.c.obj
 .rodata._hw_endpoint_alloc.str1.4
                0x10009495       0xbd CMakeFiles/soloPlaneBar.dir/Users/rpoleynick/pico/pico-sdk/lib/tinyusb/src/portable/raspberrypi/rp2040/dcd_rp2040.c.obj
 .rodata.str1.4
                0x10009495       0x14 CMakeFiles/soloPlaneBar.dir/Users/rpoleynick/pico/pico-sdk/lib/tinyusb/src/portable/raspberrypi/rp2040/dcd_rp2040.c.obj
 .rodata.dcd_int_enable.str1.4
                0x10009495        0xc CMakeFiles/soloPlaneBar.dir/Users/rpoleynick/pico/pico-sdk/lib/tinyusb/src/portable/raspberrypi/rp2040/dcd_rp2040.c.obj
 *fill*         0x10009495        0x3 
 .rodata.__func__.0
                0x10009498        0xe CMakeFiles/soloPlaneBar.dir/Users/rpoleynick/pico/pico-sdk/lib/tinyusb/src/portable/raspberrypi/rp2040/dcd_rp2040.c.obj
 *fill*         0x100094a6        0x2 
 .rodata.__func__.1
                0x100094a8        0xe CMakeFiles/soloPlaneBar.dir/Users/rpoleynick/pico/pico-sdk/lib/tinyusb/src/portable/raspberrypi/rp2040/dcd_rp2040.c.obj
 *fill*         0x100094b6        0x2 
 .rodata.__func__.3
                0x100094b8       0x10 CMakeFiles/soloPlaneBar.dir/Users/rpoleynick/pico/pico-sdk/lib/tinyusb/src/portable/raspberrypi/rp2040/dcd_rp2040.c.obj
 .rodata.__func__.5
                0x100094c8        0xf CMakeFiles/soloPlaneBar.dir/Users/rpoleynick/pico/pico-sdk/lib/tinyusb/src/portable/raspberrypi/rp2040/dcd_rp2040.c.obj
 *fill*         0x100094d7        0x1 
 .rodata.__func__.6
                0x100094d8       0x13 CMakeFiles/soloPlaneBar.dir/Users/rpoleynick/pico/pico-sdk/lib/tinyusb/src/portable/raspberrypi/rp2040/dcd_rp2040.c.obj
 *fill*         0x100094eb        0x1 
 .rodata.__func__.7
                0x100094ec        0x9 CMakeFiles/soloPlaneBar.dir/Users/rpoleynick/pico/pico-sdk/lib/tinyusb/src/portable/raspberrypi/rp2040/dcd_rp2040.c.obj
 .rodata.str1.4
                0x100094f5       0xef CMakeFiles/soloPlaneBar.dir/Users/rpoleynick/pico/pico-sdk/lib/tinyusb/src/portable/raspberrypi/rp2040/rp2040_usb.c.obj
 *fill*         0x100094f5        0x3 
 .rodata.__func__.0
                0x100094f8        0xf CMakeFiles/soloPlaneBar.dir/Users/rpoleynick/pico/pico-sdk/lib/tinyusb/src/portable/raspberrypi/rp2040/rp2040_usb.c.obj
 *fill*         0x10009507        0x1 
 .rodata.process_get_descriptor
                0x10009508       0x40 CMakeFiles/soloPlaneBar.dir/Users/rpoleynick/pico/pico-sdk/lib/tinyusb/src/device/usbd.c.obj
 .rodata.process_control_request
                0x10009548       0x28 CMakeFiles/soloPlaneBar.dir/Users/rpoleynick/pico/pico-sdk/lib/tinyusb/src/device/usbd.c.obj
 .rodata.tud_task_ext
                0x10009570       0x24 CMakeFiles/soloPlaneBar.dir/Users/rpoleynick/pico/pico-sdk/lib/tinyusb/src/device/usbd.c.obj
 .rodata._usbd_driver